Component: ARM Compiler 5.06 update 6 (build 750) Tool: armlink [4d35ed]

==============================================================================

Section Cross References

    main.o(.text) refers to system_swm260.o(.text) for SystemInit
    main.o(.text) refers to swm260_gpio.o(.text) for GPIO_Init
    main.o(.text) refers to swm260_exti.o(.text) for EXTI_Init
    swm260_gpio.o(.text) refers to swm260_port.o(.text) for PORT_Init
    swm260_i2c.o(.text) refers to uidiv.o(.text) for __aeabi_uidivmod
    swm260_i2c.o(.text) refers to system_swm260.o(.data) for SystemCoreClock
    swm260_pwm.o(.text) refers to swm260_pwm.o(.data) for .data
    swm260_uart.o(.text) refers to uidiv.o(.text) for __aeabi_uidivmod
    swm260_uart.o(.text) refers to system_swm260.o(.data) for SystemCoreClock
    swm260_rtc.o(.text) refers to memcpya.o(.text) for __aeabi_memcpy4
    swm260_rtc.o(.text) refers to uidiv.o(.text) for __aeabi_uidivmod
    swm260_rtc.o(.text) refers to swm260_rtc.o(.constdata) for .constdata
    system_swm260.o(.text) refers to system_swm260.o(i.__ARM_common_switch8) for __ARM_common_switch8
    system_swm260.o(.text) refers to uidiv.o(.text) for __aeabi_uidivmod
    system_swm260.o(.text) refers to swm260_port.o(.text) for PORT_Init
    system_swm260.o(.text) refers to system_swm260.o(.data) for .data
    startup_swm260.o(RESET) refers to startup_swm260.o(STACK) for __initial_sp
    startup_swm260.o(RESET) refers to startup_swm260.o(.text) for Reset_Handler
    startup_swm260.o(RESET) refers to main.o(.text) for GPIOA9_GPIOC6_Handler
    startup_swm260.o(.text) refers to entry.o(.ARM.Collect$$$$00000000) for __main
    entry.o(.ARM.Collect$$$$00000000) refers (Special) to entry10a.o(.ARM.Collect$$$$0000000D) for __rt_final_cpp
    entry.o(.ARM.Collect$$$$00000000) refers (Special) to entry11a.o(.ARM.Collect$$$$0000000F) for __rt_final_exit
    entry.o(.ARM.Collect$$$$00000000) refers (Special) to entry7b.o(.ARM.Collect$$$$00000008) for _main_clock
    entry.o(.ARM.Collect$$$$00000000) refers (Special) to entry8b.o(.ARM.Collect$$$$0000000A) for _main_cpp_init
    entry.o(.ARM.Collect$$$$00000000) refers (Special) to entry9a.o(.ARM.Collect$$$$0000000B) for _main_init
    entry.o(.ARM.Collect$$$$00000000) refers (Special) to entry5.o(.ARM.Collect$$$$00000004) for _main_scatterload
    entry.o(.ARM.Collect$$$$00000000) refers (Special) to entry2.o(.ARM.Collect$$$$00000001) for _main_stk
    entry2.o(.ARM.Collect$$$$00000001) refers to entry2.o(.ARM.Collect$$$$00002712) for __lit__00000000
    entry2.o(.ARM.Collect$$$$00002712) refers to startup_swm260.o(STACK) for __initial_sp
    entry2.o(__vectab_stack_and_reset_area) refers to startup_swm260.o(STACK) for __initial_sp
    entry2.o(__vectab_stack_and_reset_area) refers to entry.o(.ARM.Collect$$$$00000000) for __main
    entry5.o(.ARM.Collect$$$$00000004) refers to init.o(.text) for __scatterload
    entry9a.o(.ARM.Collect$$$$0000000B) refers to main.o(.text) for main
    entry9b.o(.ARM.Collect$$$$0000000C) refers to main.o(.text) for main
    init.o(.text) refers to entry5.o(.ARM.Collect$$$$00000004) for __main_after_scatterload


==============================================================================

Removing Unused input sections from the image.

    Removing main.o(.rev16_text), (4 bytes).
    Removing main.o(.revsh_text), (4 bytes).
    Removing swm260_adc.o(.rev16_text), (4 bytes).
    Removing swm260_adc.o(.revsh_text), (4 bytes).
    Removing swm260_adc.o(.text), (724 bytes).
    Removing swm260_exti.o(.rev16_text), (4 bytes).
    Removing swm260_exti.o(.revsh_text), (4 bytes).
    Removing swm260_gpio.o(.rev16_text), (4 bytes).
    Removing swm260_gpio.o(.revsh_text), (4 bytes).
    Removing swm260_i2c.o(.rev16_text), (4 bytes).
    Removing swm260_i2c.o(.revsh_text), (4 bytes).
    Removing swm260_i2c.o(.text), (448 bytes).
    Removing swm260_pwm.o(.rev16_text), (4 bytes).
    Removing swm260_pwm.o(.revsh_text), (4 bytes).
    Removing swm260_pwm.o(.text), (2708 bytes).
    Removing swm260_pwm.o(.data), (32 bytes).
    Removing swm260_timr.o(.rev16_text), (4 bytes).
    Removing swm260_timr.o(.revsh_text), (4 bytes).
    Removing swm260_timr.o(.text), (1132 bytes).
    Removing swm260_uart.o(.rev16_text), (4 bytes).
    Removing swm260_uart.o(.revsh_text), (4 bytes).
    Removing swm260_uart.o(.text), (1116 bytes).
    Removing swm260_wdt.o(.rev16_text), (4 bytes).
    Removing swm260_wdt.o(.revsh_text), (4 bytes).
    Removing swm260_wdt.o(.text), (144 bytes).
    Removing swm260_dma.o(.rev16_text), (4 bytes).
    Removing swm260_dma.o(.revsh_text), (4 bytes).
    Removing swm260_dma.o(.text), (272 bytes).
    Removing swm260_flash.o(.rev16_text), (4 bytes).
    Removing swm260_flash.o(.revsh_text), (4 bytes).
    Removing swm260_flash.o(.text), (144 bytes).
    Removing swm260_port.o(.rev16_text), (4 bytes).
    Removing swm260_port.o(.revsh_text), (4 bytes).
    Removing swm260_spi.o(.rev16_text), (4 bytes).
    Removing swm260_spi.o(.revsh_text), (4 bytes).
    Removing swm260_spi.o(.text), (572 bytes).
    Removing swm260_rtc.o(.rev16_text), (4 bytes).
    Removing swm260_rtc.o(.revsh_text), (4 bytes).
    Removing swm260_rtc.o(.text), (644 bytes).
    Removing swm260_rtc.o(.constdata), (52 bytes).
    Removing system_swm260.o(.rev16_text), (4 bytes).
    Removing system_swm260.o(.revsh_text), (4 bytes).
    Removing startup_swm260.o(HEAP), (0 bytes).

43 unused section(s) (total 8108 bytes) removed from the image.

==============================================================================

Image Symbol Table

    Local Symbols

    Symbol Name                              Value     Ov Type        Size  Object(Section)

    RESET                                    0x00000000   Section      192  startup_swm260.o(RESET)
    ../clib/microlib/division.c              0x00000000   Number         0  uidiv.o ABSOLUTE
    ../clib/microlib/init/entry.s            0x00000000   Number         0  entry2.o ABSOLUTE
    ../clib/microlib/init/entry.s            0x00000000   Number         0  entry.o ABSOLUTE
    ../clib/microlib/init/entry.s            0x00000000   Number         0  entry11b.o ABSOLUTE
    ../clib/microlib/init/entry.s            0x00000000   Number         0  entry11a.o ABSOLUTE
    ../clib/microlib/init/entry.s            0x00000000   Number         0  entry10a.o ABSOLUTE
    ../clib/microlib/init/entry.s            0x00000000   Number         0  entry9b.o ABSOLUTE
    ../clib/microlib/init/entry.s            0x00000000   Number         0  entry9a.o ABSOLUTE
    ../clib/microlib/init/entry.s            0x00000000   Number         0  entry8b.o ABSOLUTE
    ../clib/microlib/init/entry.s            0x00000000   Number         0  entry8a.o ABSOLUTE
    ../clib/microlib/init/entry.s            0x00000000   Number         0  entry10b.o ABSOLUTE
    ../clib/microlib/init/entry.s            0x00000000   Number         0  entry7b.o ABSOLUTE
    ../clib/microlib/init/entry.s            0x00000000   Number         0  entry7a.o ABSOLUTE
    ../clib/microlib/init/entry.s            0x00000000   Number         0  entry5.o ABSOLUTE
    ../clib/microlib/string/memcpy.c         0x00000000   Number         0  memcpyb.o ABSOLUTE
    ../clib/microlib/string/memcpy.c         0x00000000   Number         0  memcpya.o ABSOLUTE
    ..\..\SWM260_StdPeriph_Driver\CSL\CMSIS\DeviceSupport\startup\arm\startup_SWM260.s 0x00000000   Number         0  startup_swm260.o ABSOLUTE
    ..\..\SWM260_StdPeriph_Driver\CSL\CMSIS\DeviceSupport\system_SWM260.c 0x00000000   Number         0  system_swm260.o ABSOLUTE
    ..\..\SWM260_StdPeriph_Driver\CSL\SWM260_StdPeriph_Driver\SWM260_adc.c 0x00000000   Number         0  swm260_adc.o ABSOLUTE
    ..\..\SWM260_StdPeriph_Driver\CSL\SWM260_StdPeriph_Driver\SWM260_dma.c 0x00000000   Number         0  swm260_dma.o ABSOLUTE
    ..\..\SWM260_StdPeriph_Driver\CSL\SWM260_StdPeriph_Driver\SWM260_exti.c 0x00000000   Number         0  swm260_exti.o ABSOLUTE
    ..\..\SWM260_StdPeriph_Driver\CSL\SWM260_StdPeriph_Driver\SWM260_flash.c 0x00000000   Number         0  swm260_flash.o ABSOLUTE
    ..\..\SWM260_StdPeriph_Driver\CSL\SWM260_StdPeriph_Driver\SWM260_gpio.c 0x00000000   Number         0  swm260_gpio.o ABSOLUTE
    ..\..\SWM260_StdPeriph_Driver\CSL\SWM260_StdPeriph_Driver\SWM260_i2c.c 0x00000000   Number         0  swm260_i2c.o ABSOLUTE
    ..\..\SWM260_StdPeriph_Driver\CSL\SWM260_StdPeriph_Driver\SWM260_port.c 0x00000000   Number         0  swm260_port.o ABSOLUTE
    ..\..\SWM260_StdPeriph_Driver\CSL\SWM260_StdPeriph_Driver\SWM260_pwm.c 0x00000000   Number         0  swm260_pwm.o ABSOLUTE
    ..\..\SWM260_StdPeriph_Driver\CSL\SWM260_StdPeriph_Driver\SWM260_rtc.c 0x00000000   Number         0  swm260_rtc.o ABSOLUTE
    ..\..\SWM260_StdPeriph_Driver\CSL\SWM260_StdPeriph_Driver\SWM260_spi.c 0x00000000   Number         0  swm260_spi.o ABSOLUTE
    ..\..\SWM260_StdPeriph_Driver\CSL\SWM260_StdPeriph_Driver\SWM260_timr.c 0x00000000   Number         0  swm260_timr.o ABSOLUTE
    ..\..\SWM260_StdPeriph_Driver\CSL\SWM260_StdPeriph_Driver\SWM260_uart.c 0x00000000   Number         0  swm260_uart.o ABSOLUTE
    ..\..\SWM260_StdPeriph_Driver\CSL\SWM260_StdPeriph_Driver\SWM260_wdt.c 0x00000000   Number         0  swm260_wdt.o ABSOLUTE
    ..\\..\\SWM260_StdPeriph_Driver\\CSL\\CMSIS\\DeviceSupport\\system_SWM260.c 0x00000000   Number         0  system_swm260.o ABSOLUTE
    ..\\..\\SWM260_StdPeriph_Driver\\CSL\\SWM260_StdPeriph_Driver\\SWM260_adc.c 0x00000000   Number         0  swm260_adc.o ABSOLUTE
    ..\\..\\SWM260_StdPeriph_Driver\\CSL\\SWM260_StdPeriph_Driver\\SWM260_dma.c 0x00000000   Number         0  swm260_dma.o ABSOLUTE
    ..\\..\\SWM260_StdPeriph_Driver\\CSL\\SWM260_StdPeriph_Driver\\SWM260_exti.c 0x00000000   Number         0  swm260_exti.o ABSOLUTE
    ..\\..\\SWM260_StdPeriph_Driver\\CSL\\SWM260_StdPeriph_Driver\\SWM260_flash.c 0x00000000   Number         0  swm260_flash.o ABSOLUTE
    ..\\..\\SWM260_StdPeriph_Driver\\CSL\\SWM260_StdPeriph_Driver\\SWM260_gpio.c 0x00000000   Number         0  swm260_gpio.o ABSOLUTE
    ..\\..\\SWM260_StdPeriph_Driver\\CSL\\SWM260_StdPeriph_Driver\\SWM260_i2c.c 0x00000000   Number         0  swm260_i2c.o ABSOLUTE
    ..\\..\\SWM260_StdPeriph_Driver\\CSL\\SWM260_StdPeriph_Driver\\SWM260_port.c 0x00000000   Number         0  swm260_port.o ABSOLUTE
    ..\\..\\SWM260_StdPeriph_Driver\\CSL\\SWM260_StdPeriph_Driver\\SWM260_pwm.c 0x00000000   Number         0  swm260_pwm.o ABSOLUTE
    ..\\..\\SWM260_StdPeriph_Driver\\CSL\\SWM260_StdPeriph_Driver\\SWM260_rtc.c 0x00000000   Number         0  swm260_rtc.o ABSOLUTE
    ..\\..\\SWM260_StdPeriph_Driver\\CSL\\SWM260_StdPeriph_Driver\\SWM260_spi.c 0x00000000   Number         0  swm260_spi.o ABSOLUTE
    ..\\..\\SWM260_StdPeriph_Driver\\CSL\\SWM260_StdPeriph_Driver\\SWM260_timr.c 0x00000000   Number         0  swm260_timr.o ABSOLUTE
    ..\\..\\SWM260_StdPeriph_Driver\\CSL\\SWM260_StdPeriph_Driver\\SWM260_uart.c 0x00000000   Number         0  swm260_uart.o ABSOLUTE
    ..\\..\\SWM260_StdPeriph_Driver\\CSL\\SWM260_StdPeriph_Driver\\SWM260_wdt.c 0x00000000   Number         0  swm260_wdt.o ABSOLUTE
    app\\main.c                              0x00000000   Number         0  main.o ABSOLUTE
    app\main.c                               0x00000000   Number         0  main.o ABSOLUTE
    dc.s                                     0x00000000   Number         0  dc.o ABSOLUTE
    handlers.s                               0x00000000   Number         0  handlers.o ABSOLUTE
    init.s                                   0x00000000   Number         0  init.o ABSOLUTE
    .ARM.Collect$$$$00000000                 0x000000c0   Section        0  entry.o(.ARM.Collect$$$$00000000)
    .ARM.Collect$$$$00000001                 0x000000c0   Section        4  entry2.o(.ARM.Collect$$$$00000001)
    .ARM.Collect$$$$00000004                 0x000000c4   Section        4  entry5.o(.ARM.Collect$$$$00000004)
    .ARM.Collect$$$$00000008                 0x000000c8   Section        0  entry7b.o(.ARM.Collect$$$$00000008)
    .ARM.Collect$$$$0000000A                 0x000000c8   Section        0  entry8b.o(.ARM.Collect$$$$0000000A)
    .ARM.Collect$$$$0000000B                 0x000000c8   Section        8  entry9a.o(.ARM.Collect$$$$0000000B)
    .ARM.Collect$$$$0000000D                 0x000000d0   Section        0  entry10a.o(.ARM.Collect$$$$0000000D)
    .ARM.Collect$$$$0000000F                 0x000000d0   Section        0  entry11a.o(.ARM.Collect$$$$0000000F)
    .ARM.Collect$$$$00002712                 0x000000d0   Section        4  entry2.o(.ARM.Collect$$$$00002712)
    __lit__00000000                          0x000000d0   Data           4  entry2.o(.ARM.Collect$$$$00002712)
    .text                                    0x000000d4   Section        0  main.o(.text)
    .text                                    0x00000138   Section        0  swm260_exti.o(.text)
    .text                                    0x000001d0   Section        0  swm260_gpio.o(.text)
    .text                                    0x00000498   Section        0  swm260_port.o(.text)
    .text                                    0x000005b0   Section        0  system_swm260.o(.text)
    .text                                    0x00000870   Section       84  startup_swm260.o(.text)
    .text                                    0x000008c4   Section        0  uidiv.o(.text)
    .text                                    0x000008f0   Section       36  init.o(.text)
    i.__ARM_common_switch8                   0x00000914   Section        0  system_swm260.o(i.__ARM_common_switch8)
    i.__scatterload_copy                     0x0000092e   Section       14  handlers.o(i.__scatterload_copy)
    i.__scatterload_null                     0x0000093c   Section        2  handlers.o(i.__scatterload_null)
    i.__scatterload_zeroinit                 0x0000093e   Section       14  handlers.o(i.__scatterload_zeroinit)
    .data                                    0x20000000   Section        8  system_swm260.o(.data)
    STACK                                    0x20000008   Section     1024  startup_swm260.o(STACK)

    Global Symbols

    Symbol Name                              Value     Ov Type        Size  Object(Section)

    BuildAttributes$$THM_ISAv3M$S$PE$A:L22$X:L11$S22$IEEE1$IW$USESV6$~STKCKD$USESV7$~SHL$OSPACE$EBA8$MICROLIB$REQ8$PRES8$EABIv2 0x00000000   Number         0  anon$$obj.o ABSOLUTE
    __ARM_use_no_argv                        0x00000000   Number         0  main.o ABSOLUTE
    __Vectors                                0x00000000   Data           4  startup_swm260.o(RESET)
    __cpp_initialize__aeabi_                  - Undefined Weak Reference
    __cxa_finalize                            - Undefined Weak Reference
    __decompress                              - Undefined Weak Reference
    _clock_init                               - Undefined Weak Reference
    _microlib_exit                            - Undefined Weak Reference
    __Vectors_End                            0x000000c0   Data           0  startup_swm260.o(RESET)
    __Vectors_Size                           0x000000c0   Number         0  startup_swm260.o ABSOLUTE
    __main                                   0x000000c1   Thumb Code     0  entry.o(.ARM.Collect$$$$00000000)
    _main_stk                                0x000000c1   Thumb Code     0  entry2.o(.ARM.Collect$$$$00000001)
    _main_scatterload                        0x000000c5   Thumb Code     0  entry5.o(.ARM.Collect$$$$00000004)
    __main_after_scatterload                 0x000000c9   Thumb Code     0  entry5.o(.ARM.Collect$$$$00000004)
    _main_clock                              0x000000c9   Thumb Code     0  entry7b.o(.ARM.Collect$$$$00000008)
    _main_cpp_init                           0x000000c9   Thumb Code     0  entry8b.o(.ARM.Collect$$$$0000000A)
    _main_init                               0x000000c9   Thumb Code     0  entry9a.o(.ARM.Collect$$$$0000000B)
    __rt_final_cpp                           0x000000d1   Thumb Code     0  entry10a.o(.ARM.Collect$$$$0000000D)
    __rt_final_exit                          0x000000d1   Thumb Code     0  entry11a.o(.ARM.Collect$$$$0000000F)
    main                                     0x000000d5   Thumb Code    70  main.o(.text)
    GPIOA9_GPIOC6_Handler                    0x0000011b   Thumb Code    22  main.o(.text)
    EXTI_Close                               0x00000139   Thumb Code    12  swm260_exti.o(.text)
    EXTI_Init                                0x00000145   Thumb Code    98  swm260_exti.o(.text)
    EXTI_Open                                0x000001a7   Thumb Code    12  swm260_exti.o(.text)
    EXTI_State                               0x000001b3   Thumb Code    10  swm260_exti.o(.text)
    EXTI_RawState                            0x000001bd   Thumb Code    10  swm260_exti.o(.text)
    EXTI_Clear                               0x000001c7   Thumb Code     8  swm260_exti.o(.text)
    GPIO_Init                                0x000001d1   Thumb Code   462  swm260_gpio.o(.text)
    GPIO_SetBit                              0x0000039f   Thumb Code    12  swm260_gpio.o(.text)
    GPIO_ClrBit                              0x000003ab   Thumb Code    12  swm260_gpio.o(.text)
    GPIO_InvBit                              0x000003b7   Thumb Code    12  swm260_gpio.o(.text)
    GPIO_GetBit                              0x000003c3   Thumb Code    10  swm260_gpio.o(.text)
    GPIO_SetBits                             0x000003cd   Thumb Code    18  swm260_gpio.o(.text)
    GPIO_ClrBits                             0x000003df   Thumb Code    18  swm260_gpio.o(.text)
    GPIO_InvBits                             0x000003f1   Thumb Code    18  swm260_gpio.o(.text)
    GPIO_GetBits                             0x00000403   Thumb Code    16  swm260_gpio.o(.text)
    GPIO_AtomicSetBit                        0x00000413   Thumb Code    10  swm260_gpio.o(.text)
    GPIO_AtomicClrBit                        0x0000041d   Thumb Code    10  swm260_gpio.o(.text)
    GPIO_AtomicInvBit                        0x00000427   Thumb Code    14  swm260_gpio.o(.text)
    GPIO_AtomicSetBits                       0x00000435   Thumb Code    22  swm260_gpio.o(.text)
    GPIO_AtomicClrBits                       0x0000044b   Thumb Code    22  swm260_gpio.o(.text)
    GPIO_AtomicInvBits                       0x00000461   Thumb Code    22  swm260_gpio.o(.text)
    PORT_Init                                0x00000499   Thumb Code   272  swm260_port.o(.text)
    SystemCoreClockUpdate                    0x000005b1   Thumb Code   162  system_swm260.o(.text)
    switchTo24MHz                            0x00000653   Thumb Code    16  system_swm260.o(.text)
    switchToXTAL_32K                         0x00000663   Thumb Code    72  system_swm260.o(.text)
    switchTo32KHz                            0x000006ab   Thumb Code    48  system_swm260.o(.text)
    PLLInit                                  0x000006db   Thumb Code    56  system_swm260.o(.text)
    switchToPLL                              0x00000713   Thumb Code    64  system_swm260.o(.text)
    switchToXTAL                             0x00000753   Thumb Code   108  system_swm260.o(.text)
    switchTo48MHz                            0x000007bf   Thumb Code    18  system_swm260.o(.text)
    switchTo6MHz                             0x000007d1   Thumb Code    46  system_swm260.o(.text)
    switchTo3MHz                             0x000007ff   Thumb Code    46  system_swm260.o(.text)
    SystemInit                               0x0000082d   Thumb Code    24  system_swm260.o(.text)
    Reset_Handler                            0x00000871   Thumb Code     4  startup_swm260.o(.text)
    NMI_Handler                              0x00000875   Thumb Code     2  startup_swm260.o(.text)
    HardFault_Handler                        0x00000877   Thumb Code     2  startup_swm260.o(.text)
    SVC_Handler                              0x00000879   Thumb Code     2  startup_swm260.o(.text)
    PendSV_Handler                           0x0000087b   Thumb Code     2  startup_swm260.o(.text)
    SysTick_Handler                          0x0000087d   Thumb Code     2  startup_swm260.o(.text)
    UART0_Handler                            0x0000087f   Thumb Code     2  startup_swm260.o(.text)
    TIMR0_Handler                            0x00000881   Thumb Code     2  startup_swm260.o(.text)
    SPI0_Handler                             0x00000883   Thumb Code     2  startup_swm260.o(.text)
    UART1_Handler                            0x00000885   Thumb Code     2  startup_swm260.o(.text)
    UART2_Handler                            0x00000887   Thumb Code     2  startup_swm260.o(.text)
    TIMR1_Handler                            0x00000889   Thumb Code     2  startup_swm260.o(.text)
    DMA_Handler                              0x0000088b   Thumb Code     2  startup_swm260.o(.text)
    PWM0_Handler                             0x0000088d   Thumb Code     2  startup_swm260.o(.text)
    BTIMR0_Handler                           0x0000088f   Thumb Code     2  startup_swm260.o(.text)
    TIMR2_Handler                            0x00000891   Thumb Code     2  startup_swm260.o(.text)
    TIMR3_Handler                            0x00000893   Thumb Code     2  startup_swm260.o(.text)
    WDT_Handler                              0x00000895   Thumb Code     2  startup_swm260.o(.text)
    I2C4_Handler                             0x00000897   Thumb Code     2  startup_swm260.o(.text)
    UART3_Handler                            0x00000899   Thumb Code     2  startup_swm260.o(.text)
    ADC0_Handler                             0x0000089b   Thumb Code     2  startup_swm260.o(.text)
    BTIMR1_Handler                           0x0000089d   Thumb Code     2  startup_swm260.o(.text)
    GPIOA6_GPIOC7_Handler                    0x000008a1   Thumb Code     2  startup_swm260.o(.text)
    GPIOA7_GPIOC8_Handler                    0x000008a3   Thumb Code     2  startup_swm260.o(.text)
    GPIOA8_GPIOC9_Handler                    0x000008a5   Thumb Code     2  startup_swm260.o(.text)
    GPIOA10_GPIOC10_Handler                  0x000008a7   Thumb Code     2  startup_swm260.o(.text)
    GPIOA13_GPIOC12_Handler                  0x000008a9   Thumb Code     2  startup_swm260.o(.text)
    GPIOA12_GPIOC13_Handler                  0x000008ab   Thumb Code     2  startup_swm260.o(.text)
    GPIOA11_GPIOC14_Handler                  0x000008ad   Thumb Code     2  startup_swm260.o(.text)
    XTALSTOPDET_GPIOC0_Handler               0x000008af   Thumb Code     2  startup_swm260.o(.text)
    BTIMR2_GPIOB12_Handler                   0x000008b1   Thumb Code     2  startup_swm260.o(.text)
    PWM1_GPIOA1_Handler                      0x000008b3   Thumb Code     2  startup_swm260.o(.text)
    PWM2_UART4_Handler                       0x000008b5   Thumb Code     2  startup_swm260.o(.text)
    BOD_PWMHALT_Handler                      0x000008b7   Thumb Code     2  startup_swm260.o(.text)
    PWM3_GPIOB_ACMP_Handler                  0x000008b9   Thumb Code     2  startup_swm260.o(.text)
    SPI1_HALL_GPIOD_Handler                  0x000008bb   Thumb Code     2  startup_swm260.o(.text)
    BTIMR3_RTC_Handler                       0x000008bd   Thumb Code     2  startup_swm260.o(.text)
    __aeabi_uidiv                            0x000008c5   Thumb Code     0  uidiv.o(.text)
    __aeabi_uidivmod                         0x000008c5   Thumb Code    44  uidiv.o(.text)
    __scatterload                            0x000008f1   Thumb Code    28  init.o(.text)
    __scatterload_rt2                        0x000008f1   Thumb Code     0  init.o(.text)
    __ARM_common_switch8                     0x00000915   Thumb Code    26  system_swm260.o(i.__ARM_common_switch8)
    __scatterload_copy                       0x0000092f   Thumb Code    14  handlers.o(i.__scatterload_copy)
    __scatterload_null                       0x0000093d   Thumb Code     2  handlers.o(i.__scatterload_null)
    __scatterload_zeroinit                   0x0000093f   Thumb Code    14  handlers.o(i.__scatterload_zeroinit)
    Region$$Table$$Base                      0x0000094c   Number         0  anon$$obj.o(Region$$Table)
    Region$$Table$$Limit                     0x0000096c   Number         0  anon$$obj.o(Region$$Table)
    SystemCoreClock                          0x20000000   Data           4  system_swm260.o(.data)
    CyclesPerUs                              0x20000004   Data           4  system_swm260.o(.data)
    __initial_sp                             0x20000408   Data           0  startup_swm260.o(STACK)



==============================================================================

Memory Map of the image

  Image Entry point : 0x000000c1

  Load Region LR_IROM1 (Base: 0x00000000, Size: 0x00000974, Max: 0x00020000, ABSOLUTE)

    Execution Region ER_IROM1 (Exec base: 0x00000000, Load base: 0x00000000, Size: 0x0000096c, Max: 0x00020000, ABSOLUTE)

    Exec Addr    Load Addr    Size         Type   Attr      Idx    E Section Name        Object

    0x00000000   0x00000000   0x000000c0   Data   RO          389    RESET               startup_swm260.o
    0x000000c0   0x000000c0   0x00000000   Code   RO          394  * .ARM.Collect$$$$00000000  mc_p.l(entry.o)
    0x000000c0   0x000000c0   0x00000004   Code   RO          403    .ARM.Collect$$$$00000001  mc_p.l(entry2.o)
    0x000000c4   0x000000c4   0x00000004   Code   RO          406    .ARM.Collect$$$$00000004  mc_p.l(entry5.o)
    0x000000c8   0x000000c8   0x00000000   Code   RO          408    .ARM.Collect$$$$00000008  mc_p.l(entry7b.o)
    0x000000c8   0x000000c8   0x00000000   Code   RO          410    .ARM.Collect$$$$0000000A  mc_p.l(entry8b.o)
    0x000000c8   0x000000c8   0x00000008   Code   RO          411    .ARM.Collect$$$$0000000B  mc_p.l(entry9a.o)
    0x000000d0   0x000000d0   0x00000000   Code   RO          413    .ARM.Collect$$$$0000000D  mc_p.l(entry10a.o)
    0x000000d0   0x000000d0   0x00000000   Code   RO          415    .ARM.Collect$$$$0000000F  mc_p.l(entry11a.o)
    0x000000d0   0x000000d0   0x00000004   Code   RO          404    .ARM.Collect$$$$00002712  mc_p.l(entry2.o)
    0x000000d4   0x000000d4   0x00000064   Code   RO            3    .text               main.o
    0x00000138   0x00000138   0x00000096   Code   RO          111    .text               swm260_exti.o
    0x000001ce   0x000001ce   0x00000002   PAD
    0x000001d0   0x000001d0   0x000002c8   Code   RO          134    .text               swm260_gpio.o
    0x00000498   0x00000498   0x00000118   Code   RO          300    .text               swm260_port.o
    0x000005b0   0x000005b0   0x000002c0   Code   RO          361    .text               system_swm260.o
    0x00000870   0x00000870   0x00000054   Code   RO          390    .text               startup_swm260.o
    0x000008c4   0x000008c4   0x0000002c   Code   RO          397    .text               mc_p.l(uidiv.o)
    0x000008f0   0x000008f0   0x00000024   Code   RO          417    .text               mc_p.l(init.o)
    0x00000914   0x00000914   0x0000001a   Code   RO          379    i.__ARM_common_switch8  system_swm260.o
    0x0000092e   0x0000092e   0x0000000e   Code   RO          421    i.__scatterload_copy  mc_p.l(handlers.o)
    0x0000093c   0x0000093c   0x00000002   Code   RO          422    i.__scatterload_null  mc_p.l(handlers.o)
    0x0000093e   0x0000093e   0x0000000e   Code   RO          423    i.__scatterload_zeroinit  mc_p.l(handlers.o)
    0x0000094c   0x0000094c   0x00000020   Data   RO          419    Region$$Table       anon$$obj.o


    Execution Region RW_IRAM1 (Exec base: 0x20000000, Load base: 0x0000096c, Size: 0x00000408, Max: 0x00002000, ABSOLUTE)

    Exec Addr    Load Addr    Size         Type   Attr      Idx    E Section Name        Object

    0x20000000   0x0000096c   0x00000008   Data   RW          362    .data               system_swm260.o
    0x20000008        -       0x00000400   Zero   RW          387    STACK               startup_swm260.o


==============================================================================

Image component sizes


      Code (inc. data)   RO Data    RW Data    ZI Data      Debug   Object Name

       100          8          0          0          0      63365   main.o
        84          6        192          0       1024       2076   startup_swm260.o
       150          0          0          0          0       2173   swm260_exti.o
       712         34          0          0          0       4999   swm260_gpio.o
       280          8          0          0          0        988   swm260_port.o
       730         52          0          8          0       2715   system_swm260.o

    ----------------------------------------------------------------------
      2058        108        224          8       1024      76316   Object Totals
         0          0         32          0          0          0   (incl. Generated)
         2          0          0          0          0          0   (incl. Padding)

    ----------------------------------------------------------------------

      Code (inc. data)   RO Data    RW Data    ZI Data      Debug   Library Member Name

         0          0          0          0          0          0   entry.o
         0          0          0          0          0          0   entry10a.o
         0          0          0          0          0          0   entry11a.o
         8          4          0          0          0          0   entry2.o
         4          0          0          0          0          0   entry5.o
         0          0          0          0          0          0   entry7b.o
         0          0          0          0          0          0   entry8b.o
         8          4          0          0          0          0   entry9a.o
        30          0          0          0          0          0   handlers.o
        36          8          0          0          0         68   init.o
        44          0          0          0          0         72   uidiv.o

    ----------------------------------------------------------------------
       130         16          0          0          0        140   Library Totals
         0          0          0          0          0          0   (incl. Padding)

    ----------------------------------------------------------------------

      Code (inc. data)   RO Data    RW Data    ZI Data      Debug   Library Name

       130         16          0          0          0        140   mc_p.l

    ----------------------------------------------------------------------
       130         16          0          0          0        140   Library Totals

    ----------------------------------------------------------------------

==============================================================================


      Code (inc. data)   RO Data    RW Data    ZI Data      Debug   

      2188        124        224          8       1024      76256   Grand Totals
      2188        124        224          8       1024      76256   ELF Image Totals
      2188        124        224          8          0          0   ROM Totals

==============================================================================

    Total RO  Size (Code + RO Data)                 2412 (   2.36kB)
    Total RW  Size (RW Data + ZI Data)              1032 (   1.01kB)
    Total ROM Size (Code + RO Data + RW Data)       2420 (   2.36kB)

==============================================================================

