<!doctype html public "-//w3c//dtd html 4.0 transitional//en">
<html><head>
<title>Static Call Graph - [.\out\SimplEXTI.axf]</title></head>
<body><HR>
<H1>Static Call Graph for image .\out\SimplEXTI.axf</H1><HR>
<BR><P>#&#060CALLGRAPH&#062# ARM Linker, 5060750: Last Updated: Thu Jan 21 10:21:00 2021
<BR><P>
<H3>Maximum Stack Usage =         76 bytes + Unknown(Cycles, Untraceable Function Pointers)</H3><H3>
Call chain for Maximum Stack Depth:</H3>
main &rArr; GPIO_Init &rArr; PORT_Init
<P>
<H3>
Mutually Recursive functions
</H3> <LI><a href="#[1]">NMI_Handler</a>&nbsp;&nbsp;&nbsp;&rArr;&nbsp;&nbsp;&nbsp;<a href="#[1]">NMI_Handler</a><BR>
 <LI><a href="#[2]">HardFault_Handler</a>&nbsp;&nbsp;&nbsp;&rArr;&nbsp;&nbsp;&nbsp;<a href="#[2]">HardFault_Handler</a><BR>
 <LI><a href="#[3]">SVC_Handler</a>&nbsp;&nbsp;&nbsp;&rArr;&nbsp;&nbsp;&nbsp;<a href="#[3]">SVC_Handler</a><BR>
 <LI><a href="#[4]">PendSV_Handler</a>&nbsp;&nbsp;&nbsp;&rArr;&nbsp;&nbsp;&nbsp;<a href="#[4]">PendSV_Handler</a><BR>
 <LI><a href="#[5]">SysTick_Handler</a>&nbsp;&nbsp;&nbsp;&rArr;&nbsp;&nbsp;&nbsp;<a href="#[5]">SysTick_Handler</a><BR>
 <LI><a href="#[6]">UART0_Handler</a>&nbsp;&nbsp;&nbsp;&rArr;&nbsp;&nbsp;&nbsp;<a href="#[6]">UART0_Handler</a><BR>
 <LI><a href="#[7]">TIMR0_Handler</a>&nbsp;&nbsp;&nbsp;&rArr;&nbsp;&nbsp;&nbsp;<a href="#[7]">TIMR0_Handler</a><BR>
 <LI><a href="#[8]">SPI0_Handler</a>&nbsp;&nbsp;&nbsp;&rArr;&nbsp;&nbsp;&nbsp;<a href="#[8]">SPI0_Handler</a><BR>
 <LI><a href="#[9]">UART1_Handler</a>&nbsp;&nbsp;&nbsp;&rArr;&nbsp;&nbsp;&nbsp;<a href="#[9]">UART1_Handler</a><BR>
 <LI><a href="#[a]">UART2_Handler</a>&nbsp;&nbsp;&nbsp;&rArr;&nbsp;&nbsp;&nbsp;<a href="#[a]">UART2_Handler</a><BR>
 <LI><a href="#[b]">TIMR1_Handler</a>&nbsp;&nbsp;&nbsp;&rArr;&nbsp;&nbsp;&nbsp;<a href="#[b]">TIMR1_Handler</a><BR>
 <LI><a href="#[c]">DMA_Handler</a>&nbsp;&nbsp;&nbsp;&rArr;&nbsp;&nbsp;&nbsp;<a href="#[c]">DMA_Handler</a><BR>
 <LI><a href="#[d]">PWM0_Handler</a>&nbsp;&nbsp;&nbsp;&rArr;&nbsp;&nbsp;&nbsp;<a href="#[d]">PWM0_Handler</a><BR>
 <LI><a href="#[e]">BTIMR0_Handler</a>&nbsp;&nbsp;&nbsp;&rArr;&nbsp;&nbsp;&nbsp;<a href="#[e]">BTIMR0_Handler</a><BR>
 <LI><a href="#[f]">TIMR2_Handler</a>&nbsp;&nbsp;&nbsp;&rArr;&nbsp;&nbsp;&nbsp;<a href="#[f]">TIMR2_Handler</a><BR>
 <LI><a href="#[10]">TIMR3_Handler</a>&nbsp;&nbsp;&nbsp;&rArr;&nbsp;&nbsp;&nbsp;<a href="#[10]">TIMR3_Handler</a><BR>
 <LI><a href="#[11]">WDT_Handler</a>&nbsp;&nbsp;&nbsp;&rArr;&nbsp;&nbsp;&nbsp;<a href="#[11]">WDT_Handler</a><BR>
 <LI><a href="#[12]">I2C4_Handler</a>&nbsp;&nbsp;&nbsp;&rArr;&nbsp;&nbsp;&nbsp;<a href="#[12]">I2C4_Handler</a><BR>
 <LI><a href="#[13]">UART3_Handler</a>&nbsp;&nbsp;&nbsp;&rArr;&nbsp;&nbsp;&nbsp;<a href="#[13]">UART3_Handler</a><BR>
 <LI><a href="#[14]">ADC0_Handler</a>&nbsp;&nbsp;&nbsp;&rArr;&nbsp;&nbsp;&nbsp;<a href="#[14]">ADC0_Handler</a><BR>
 <LI><a href="#[15]">BTIMR1_Handler</a>&nbsp;&nbsp;&nbsp;&rArr;&nbsp;&nbsp;&nbsp;<a href="#[15]">BTIMR1_Handler</a><BR>
 <LI><a href="#[17]">GPIOA6_GPIOC7_Handler</a>&nbsp;&nbsp;&nbsp;&rArr;&nbsp;&nbsp;&nbsp;<a href="#[17]">GPIOA6_GPIOC7_Handler</a><BR>
 <LI><a href="#[18]">GPIOA7_GPIOC8_Handler</a>&nbsp;&nbsp;&nbsp;&rArr;&nbsp;&nbsp;&nbsp;<a href="#[18]">GPIOA7_GPIOC8_Handler</a><BR>
 <LI><a href="#[19]">GPIOA8_GPIOC9_Handler</a>&nbsp;&nbsp;&nbsp;&rArr;&nbsp;&nbsp;&nbsp;<a href="#[19]">GPIOA8_GPIOC9_Handler</a><BR>
 <LI><a href="#[1a]">GPIOA10_GPIOC10_Handler</a>&nbsp;&nbsp;&nbsp;&rArr;&nbsp;&nbsp;&nbsp;<a href="#[1a]">GPIOA10_GPIOC10_Handler</a><BR>
 <LI><a href="#[1b]">GPIOA13_GPIOC12_Handler</a>&nbsp;&nbsp;&nbsp;&rArr;&nbsp;&nbsp;&nbsp;<a href="#[1b]">GPIOA13_GPIOC12_Handler</a><BR>
 <LI><a href="#[1c]">GPIOA12_GPIOC13_Handler</a>&nbsp;&nbsp;&nbsp;&rArr;&nbsp;&nbsp;&nbsp;<a href="#[1c]">GPIOA12_GPIOC13_Handler</a><BR>
 <LI><a href="#[1d]">GPIOA11_GPIOC14_Handler</a>&nbsp;&nbsp;&nbsp;&rArr;&nbsp;&nbsp;&nbsp;<a href="#[1d]">GPIOA11_GPIOC14_Handler</a><BR>
 <LI><a href="#[1e]">XTALSTOPDET_GPIOC0_Handler</a>&nbsp;&nbsp;&nbsp;&rArr;&nbsp;&nbsp;&nbsp;<a href="#[1e]">XTALSTOPDET_GPIOC0_Handler</a><BR>
 <LI><a href="#[1f]">BTIMR2_GPIOB12_Handler</a>&nbsp;&nbsp;&nbsp;&rArr;&nbsp;&nbsp;&nbsp;<a href="#[1f]">BTIMR2_GPIOB12_Handler</a><BR>
 <LI><a href="#[20]">PWM1_GPIOA1_Handler</a>&nbsp;&nbsp;&nbsp;&rArr;&nbsp;&nbsp;&nbsp;<a href="#[20]">PWM1_GPIOA1_Handler</a><BR>
 <LI><a href="#[21]">PWM2_UART4_Handler</a>&nbsp;&nbsp;&nbsp;&rArr;&nbsp;&nbsp;&nbsp;<a href="#[21]">PWM2_UART4_Handler</a><BR>
 <LI><a href="#[22]">BOD_PWMHALT_Handler</a>&nbsp;&nbsp;&nbsp;&rArr;&nbsp;&nbsp;&nbsp;<a href="#[22]">BOD_PWMHALT_Handler</a><BR>
 <LI><a href="#[23]">PWM3_GPIOB_ACMP_Handler</a>&nbsp;&nbsp;&nbsp;&rArr;&nbsp;&nbsp;&nbsp;<a href="#[23]">PWM3_GPIOB_ACMP_Handler</a><BR>
 <LI><a href="#[24]">SPI1_HALL_GPIOD_Handler</a>&nbsp;&nbsp;&nbsp;&rArr;&nbsp;&nbsp;&nbsp;<a href="#[24]">SPI1_HALL_GPIOD_Handler</a><BR>
 <LI><a href="#[25]">BTIMR3_RTC_Handler</a>&nbsp;&nbsp;&nbsp;&rArr;&nbsp;&nbsp;&nbsp;<a href="#[25]">BTIMR3_RTC_Handler</a><BR>
</UL>
<P>
<H3>
Function Pointers
</H3><UL>
 <LI><a href="#[14]">ADC0_Handler</a> from startup_swm260.o(.text) referenced from startup_swm260.o(RESET)
 <LI><a href="#[22]">BOD_PWMHALT_Handler</a> from startup_swm260.o(.text) referenced from startup_swm260.o(RESET)
 <LI><a href="#[e]">BTIMR0_Handler</a> from startup_swm260.o(.text) referenced from startup_swm260.o(RESET)
 <LI><a href="#[15]">BTIMR1_Handler</a> from startup_swm260.o(.text) referenced from startup_swm260.o(RESET)
 <LI><a href="#[1f]">BTIMR2_GPIOB12_Handler</a> from startup_swm260.o(.text) referenced from startup_swm260.o(RESET)
 <LI><a href="#[25]">BTIMR3_RTC_Handler</a> from startup_swm260.o(.text) referenced from startup_swm260.o(RESET)
 <LI><a href="#[c]">DMA_Handler</a> from startup_swm260.o(.text) referenced from startup_swm260.o(RESET)
 <LI><a href="#[1a]">GPIOA10_GPIOC10_Handler</a> from startup_swm260.o(.text) referenced from startup_swm260.o(RESET)
 <LI><a href="#[1d]">GPIOA11_GPIOC14_Handler</a> from startup_swm260.o(.text) referenced from startup_swm260.o(RESET)
 <LI><a href="#[1c]">GPIOA12_GPIOC13_Handler</a> from startup_swm260.o(.text) referenced from startup_swm260.o(RESET)
 <LI><a href="#[1b]">GPIOA13_GPIOC12_Handler</a> from startup_swm260.o(.text) referenced from startup_swm260.o(RESET)
 <LI><a href="#[17]">GPIOA6_GPIOC7_Handler</a> from startup_swm260.o(.text) referenced from startup_swm260.o(RESET)
 <LI><a href="#[18]">GPIOA7_GPIOC8_Handler</a> from startup_swm260.o(.text) referenced from startup_swm260.o(RESET)
 <LI><a href="#[19]">GPIOA8_GPIOC9_Handler</a> from startup_swm260.o(.text) referenced from startup_swm260.o(RESET)
 <LI><a href="#[16]">GPIOA9_GPIOC6_Handler</a> from main.o(.text) referenced from startup_swm260.o(RESET)
 <LI><a href="#[2]">HardFault_Handler</a> from startup_swm260.o(.text) referenced from startup_swm260.o(RESET)
 <LI><a href="#[12]">I2C4_Handler</a> from startup_swm260.o(.text) referenced from startup_swm260.o(RESET)
 <LI><a href="#[1]">NMI_Handler</a> from startup_swm260.o(.text) referenced from startup_swm260.o(RESET)
 <LI><a href="#[d]">PWM0_Handler</a> from startup_swm260.o(.text) referenced from startup_swm260.o(RESET)
 <LI><a href="#[20]">PWM1_GPIOA1_Handler</a> from startup_swm260.o(.text) referenced from startup_swm260.o(RESET)
 <LI><a href="#[21]">PWM2_UART4_Handler</a> from startup_swm260.o(.text) referenced from startup_swm260.o(RESET)
 <LI><a href="#[23]">PWM3_GPIOB_ACMP_Handler</a> from startup_swm260.o(.text) referenced from startup_swm260.o(RESET)
 <LI><a href="#[4]">PendSV_Handler</a> from startup_swm260.o(.text) referenced from startup_swm260.o(RESET)
 <LI><a href="#[0]">Reset_Handler</a> from startup_swm260.o(.text) referenced from startup_swm260.o(RESET)
 <LI><a href="#[8]">SPI0_Handler</a> from startup_swm260.o(.text) referenced from startup_swm260.o(RESET)
 <LI><a href="#[24]">SPI1_HALL_GPIOD_Handler</a> from startup_swm260.o(.text) referenced from startup_swm260.o(RESET)
 <LI><a href="#[3]">SVC_Handler</a> from startup_swm260.o(.text) referenced from startup_swm260.o(RESET)
 <LI><a href="#[5]">SysTick_Handler</a> from startup_swm260.o(.text) referenced from startup_swm260.o(RESET)
 <LI><a href="#[7]">TIMR0_Handler</a> from startup_swm260.o(.text) referenced from startup_swm260.o(RESET)
 <LI><a href="#[b]">TIMR1_Handler</a> from startup_swm260.o(.text) referenced from startup_swm260.o(RESET)
 <LI><a href="#[f]">TIMR2_Handler</a> from startup_swm260.o(.text) referenced from startup_swm260.o(RESET)
 <LI><a href="#[10]">TIMR3_Handler</a> from startup_swm260.o(.text) referenced from startup_swm260.o(RESET)
 <LI><a href="#[6]">UART0_Handler</a> from startup_swm260.o(.text) referenced from startup_swm260.o(RESET)
 <LI><a href="#[9]">UART1_Handler</a> from startup_swm260.o(.text) referenced from startup_swm260.o(RESET)
 <LI><a href="#[a]">UART2_Handler</a> from startup_swm260.o(.text) referenced from startup_swm260.o(RESET)
 <LI><a href="#[13]">UART3_Handler</a> from startup_swm260.o(.text) referenced from startup_swm260.o(RESET)
 <LI><a href="#[11]">WDT_Handler</a> from startup_swm260.o(.text) referenced from startup_swm260.o(RESET)
 <LI><a href="#[1e]">XTALSTOPDET_GPIOC0_Handler</a> from startup_swm260.o(.text) referenced from startup_swm260.o(RESET)
 <LI><a href="#[27]">__main</a> from entry.o(.ARM.Collect$$$$00000000) referenced from startup_swm260.o(.text)
 <LI><a href="#[26]">main</a> from main.o(.text) referenced from entry9a.o(.ARM.Collect$$$$0000000B)
</UL>
<P>
<H3>
Global Symbols
</H3>
<P><STRONG><a name="[27]"></a>__main</STRONG> (Thumb, 0 bytes, Stack size unknown bytes, entry.o(.ARM.Collect$$$$00000000))
<BR>[Address Reference Count : 1]<UL><LI> startup_swm260.o(.text)
</UL>
<P><STRONG><a name="[3f]"></a>_main_stk</STRONG> (Thumb, 0 bytes, Stack size unknown bytes, entry2.o(.ARM.Collect$$$$00000001))

<P><STRONG><a name="[28]"></a>_main_scatterload</STRONG> (Thumb, 0 bytes, Stack size unknown bytes, entry5.o(.ARM.Collect$$$$00000004))
<BR><BR>[Calls]<UL><LI><a href="#[29]">&gt;&gt;</a>&nbsp;&nbsp;&nbsp;__scatterload
</UL>

<P><STRONG><a name="[3e]"></a>__main_after_scatterload</STRONG> (Thumb, 0 bytes, Stack size unknown bytes, entry5.o(.ARM.Collect$$$$00000004))
<BR><BR>[Called By]<UL><LI><a href="#[29]">&gt;&gt;</a>&nbsp;&nbsp;&nbsp;__scatterload
</UL>

<P><STRONG><a name="[40]"></a>_main_clock</STRONG> (Thumb, 0 bytes, Stack size unknown bytes, entry7b.o(.ARM.Collect$$$$00000008))

<P><STRONG><a name="[41]"></a>_main_cpp_init</STRONG> (Thumb, 0 bytes, Stack size unknown bytes, entry8b.o(.ARM.Collect$$$$0000000A))

<P><STRONG><a name="[42]"></a>_main_init</STRONG> (Thumb, 0 bytes, Stack size unknown bytes, entry9a.o(.ARM.Collect$$$$0000000B))

<P><STRONG><a name="[43]"></a>__rt_final_cpp</STRONG> (Thumb, 0 bytes, Stack size unknown bytes, entry10a.o(.ARM.Collect$$$$0000000D))

<P><STRONG><a name="[44]"></a>__rt_final_exit</STRONG> (Thumb, 0 bytes, Stack size unknown bytes, entry11a.o(.ARM.Collect$$$$0000000F))

<P><STRONG><a name="[26]"></a>main</STRONG> (Thumb, 70 bytes, Stack size 16 bytes, main.o(.text))
<BR><BR>[Stack]<UL><LI>Max Depth = 76<LI>Call Chain = main &rArr; GPIO_Init &rArr; PORT_Init
</UL>
<BR>[Calls]<UL><LI><a href="#[2a]">&gt;&gt;</a>&nbsp;&nbsp;&nbsp;SystemInit
<LI><a href="#[2b]">&gt;&gt;</a>&nbsp;&nbsp;&nbsp;GPIO_Init
<LI><a href="#[2d]">&gt;&gt;</a>&nbsp;&nbsp;&nbsp;EXTI_Open
<LI><a href="#[2c]">&gt;&gt;</a>&nbsp;&nbsp;&nbsp;EXTI_Init
</UL>
<BR>[Address Reference Count : 1]<UL><LI> entry9a.o(.ARM.Collect$$$$0000000B)
</UL>
<P><STRONG><a name="[16]"></a>GPIOA9_GPIOC6_Handler</STRONG> (Thumb, 22 bytes, Stack size 8 bytes, main.o(.text))
<BR><BR>[Stack]<UL><LI>Max Depth = 8<LI>Call Chain = GPIOA9_GPIOC6_Handler
</UL>
<BR>[Calls]<UL><LI><a href="#[2f]">&gt;&gt;</a>&nbsp;&nbsp;&nbsp;GPIO_InvBit
<LI><a href="#[2e]">&gt;&gt;</a>&nbsp;&nbsp;&nbsp;EXTI_Clear
</UL>
<BR>[Address Reference Count : 1]<UL><LI> startup_swm260.o(RESET)
</UL>
<P><STRONG><a name="[30]"></a>EXTI_Close</STRONG> (Thumb, 12 bytes, Stack size 0 bytes, swm260_exti.o(.text))
<BR><BR>[Called By]<UL><LI><a href="#[2c]">&gt;&gt;</a>&nbsp;&nbsp;&nbsp;EXTI_Init
</UL>

<P><STRONG><a name="[2c]"></a>EXTI_Init</STRONG> (Thumb, 98 bytes, Stack size 16 bytes, swm260_exti.o(.text))
<BR><BR>[Stack]<UL><LI>Max Depth = 16<LI>Call Chain = EXTI_Init
</UL>
<BR>[Calls]<UL><LI><a href="#[30]">&gt;&gt;</a>&nbsp;&nbsp;&nbsp;EXTI_Close
</UL>
<BR>[Called By]<UL><LI><a href="#[26]">&gt;&gt;</a>&nbsp;&nbsp;&nbsp;main
</UL>

<P><STRONG><a name="[2d]"></a>EXTI_Open</STRONG> (Thumb, 12 bytes, Stack size 0 bytes, swm260_exti.o(.text))
<BR><BR>[Called By]<UL><LI><a href="#[26]">&gt;&gt;</a>&nbsp;&nbsp;&nbsp;main
</UL>

<P><STRONG><a name="[45]"></a>EXTI_State</STRONG> (Thumb, 10 bytes, Stack size 0 bytes, swm260_exti.o(.text), UNUSED)

<P><STRONG><a name="[46]"></a>EXTI_RawState</STRONG> (Thumb, 10 bytes, Stack size 0 bytes, swm260_exti.o(.text), UNUSED)

<P><STRONG><a name="[2e]"></a>EXTI_Clear</STRONG> (Thumb, 8 bytes, Stack size 0 bytes, swm260_exti.o(.text))
<BR><BR>[Called By]<UL><LI><a href="#[16]">&gt;&gt;</a>&nbsp;&nbsp;&nbsp;GPIOA9_GPIOC6_Handler
</UL>

<P><STRONG><a name="[2b]"></a>GPIO_Init</STRONG> (Thumb, 462 bytes, Stack size 40 bytes, swm260_gpio.o(.text))
<BR><BR>[Stack]<UL><LI>Max Depth = 60<LI>Call Chain = GPIO_Init &rArr; PORT_Init
</UL>
<BR>[Calls]<UL><LI><a href="#[31]">&gt;&gt;</a>&nbsp;&nbsp;&nbsp;PORT_Init
</UL>
<BR>[Called By]<UL><LI><a href="#[26]">&gt;&gt;</a>&nbsp;&nbsp;&nbsp;main
</UL>

<P><STRONG><a name="[47]"></a>GPIO_SetBit</STRONG> (Thumb, 12 bytes, Stack size 0 bytes, swm260_gpio.o(.text), UNUSED)

<P><STRONG><a name="[48]"></a>GPIO_ClrBit</STRONG> (Thumb, 12 bytes, Stack size 0 bytes, swm260_gpio.o(.text), UNUSED)

<P><STRONG><a name="[2f]"></a>GPIO_InvBit</STRONG> (Thumb, 12 bytes, Stack size 0 bytes, swm260_gpio.o(.text))
<BR><BR>[Called By]<UL><LI><a href="#[16]">&gt;&gt;</a>&nbsp;&nbsp;&nbsp;GPIOA9_GPIOC6_Handler
</UL>

<P><STRONG><a name="[49]"></a>GPIO_GetBit</STRONG> (Thumb, 10 bytes, Stack size 0 bytes, swm260_gpio.o(.text), UNUSED)

<P><STRONG><a name="[4a]"></a>GPIO_SetBits</STRONG> (Thumb, 18 bytes, Stack size 0 bytes, swm260_gpio.o(.text), UNUSED)

<P><STRONG><a name="[4b]"></a>GPIO_ClrBits</STRONG> (Thumb, 18 bytes, Stack size 0 bytes, swm260_gpio.o(.text), UNUSED)

<P><STRONG><a name="[4c]"></a>GPIO_InvBits</STRONG> (Thumb, 18 bytes, Stack size 0 bytes, swm260_gpio.o(.text), UNUSED)

<P><STRONG><a name="[4d]"></a>GPIO_GetBits</STRONG> (Thumb, 16 bytes, Stack size 0 bytes, swm260_gpio.o(.text), UNUSED)

<P><STRONG><a name="[4e]"></a>GPIO_AtomicSetBit</STRONG> (Thumb, 10 bytes, Stack size 0 bytes, swm260_gpio.o(.text), UNUSED)

<P><STRONG><a name="[4f]"></a>GPIO_AtomicClrBit</STRONG> (Thumb, 10 bytes, Stack size 0 bytes, swm260_gpio.o(.text), UNUSED)

<P><STRONG><a name="[50]"></a>GPIO_AtomicInvBit</STRONG> (Thumb, 14 bytes, Stack size 0 bytes, swm260_gpio.o(.text), UNUSED)

<P><STRONG><a name="[51]"></a>GPIO_AtomicSetBits</STRONG> (Thumb, 22 bytes, Stack size 0 bytes, swm260_gpio.o(.text), UNUSED)

<P><STRONG><a name="[52]"></a>GPIO_AtomicClrBits</STRONG> (Thumb, 22 bytes, Stack size 0 bytes, swm260_gpio.o(.text), UNUSED)

<P><STRONG><a name="[53]"></a>GPIO_AtomicInvBits</STRONG> (Thumb, 22 bytes, Stack size 0 bytes, swm260_gpio.o(.text), UNUSED)

<P><STRONG><a name="[31]"></a>PORT_Init</STRONG> (Thumb, 272 bytes, Stack size 20 bytes, swm260_port.o(.text))
<BR><BR>[Stack]<UL><LI>Max Depth = 20<LI>Call Chain = PORT_Init
</UL>
<BR>[Called By]<UL><LI><a href="#[3a]">&gt;&gt;</a>&nbsp;&nbsp;&nbsp;switchToXTAL
<LI><a href="#[2b]">&gt;&gt;</a>&nbsp;&nbsp;&nbsp;GPIO_Init
</UL>

<P><STRONG><a name="[32]"></a>SystemCoreClockUpdate</STRONG> (Thumb, 162 bytes, Stack size 24 bytes, system_swm260.o(.text))
<BR><BR>[Stack]<UL><LI>Max Depth = 36<LI>Call Chain = SystemCoreClockUpdate &rArr; __aeabi_uidivmod
</UL>
<BR>[Calls]<UL><LI><a href="#[34]">&gt;&gt;</a>&nbsp;&nbsp;&nbsp;__aeabi_uidivmod
<LI><a href="#[33]">&gt;&gt;</a>&nbsp;&nbsp;&nbsp;__ARM_common_switch8
</UL>
<BR>[Called By]<UL><LI><a href="#[2a]">&gt;&gt;</a>&nbsp;&nbsp;&nbsp;SystemInit
</UL>

<P><STRONG><a name="[36]"></a>switchTo24MHz</STRONG> (Thumb, 16 bytes, Stack size 0 bytes, system_swm260.o(.text))
<BR><BR>[Called By]<UL><LI><a href="#[3d]">&gt;&gt;</a>&nbsp;&nbsp;&nbsp;switchTo3MHz
<LI><a href="#[3a]">&gt;&gt;</a>&nbsp;&nbsp;&nbsp;switchToXTAL
<LI><a href="#[38]">&gt;&gt;</a>&nbsp;&nbsp;&nbsp;switchToPLL
<LI><a href="#[37]">&gt;&gt;</a>&nbsp;&nbsp;&nbsp;switchTo32KHz
<LI><a href="#[35]">&gt;&gt;</a>&nbsp;&nbsp;&nbsp;switchToXTAL_32K
<LI><a href="#[2a]">&gt;&gt;</a>&nbsp;&nbsp;&nbsp;SystemInit
</UL>

<P><STRONG><a name="[35]"></a>switchToXTAL_32K</STRONG> (Thumb, 72 bytes, Stack size 4 bytes, system_swm260.o(.text), UNUSED)
<BR><BR>[Calls]<UL><LI><a href="#[36]">&gt;&gt;</a>&nbsp;&nbsp;&nbsp;switchTo24MHz
</UL>

<P><STRONG><a name="[37]"></a>switchTo32KHz</STRONG> (Thumb, 48 bytes, Stack size 4 bytes, system_swm260.o(.text), UNUSED)
<BR><BR>[Calls]<UL><LI><a href="#[36]">&gt;&gt;</a>&nbsp;&nbsp;&nbsp;switchTo24MHz
</UL>

<P><STRONG><a name="[39]"></a>PLLInit</STRONG> (Thumb, 56 bytes, Stack size 0 bytes, system_swm260.o(.text), UNUSED)
<BR><BR>[Called By]<UL><LI><a href="#[38]">&gt;&gt;</a>&nbsp;&nbsp;&nbsp;switchToPLL
</UL>

<P><STRONG><a name="[38]"></a>switchToPLL</STRONG> (Thumb, 64 bytes, Stack size 8 bytes, system_swm260.o(.text), UNUSED)
<BR><BR>[Calls]<UL><LI><a href="#[39]">&gt;&gt;</a>&nbsp;&nbsp;&nbsp;PLLInit
<LI><a href="#[36]">&gt;&gt;</a>&nbsp;&nbsp;&nbsp;switchTo24MHz
</UL>

<P><STRONG><a name="[3a]"></a>switchToXTAL</STRONG> (Thumb, 108 bytes, Stack size 8 bytes, system_swm260.o(.text), UNUSED)
<BR><BR>[Calls]<UL><LI><a href="#[36]">&gt;&gt;</a>&nbsp;&nbsp;&nbsp;switchTo24MHz
<LI><a href="#[31]">&gt;&gt;</a>&nbsp;&nbsp;&nbsp;PORT_Init
</UL>

<P><STRONG><a name="[3c]"></a>switchTo48MHz</STRONG> (Thumb, 18 bytes, Stack size 0 bytes, system_swm260.o(.text), UNUSED)
<BR><BR>[Called By]<UL><LI><a href="#[3b]">&gt;&gt;</a>&nbsp;&nbsp;&nbsp;switchTo6MHz
</UL>

<P><STRONG><a name="[3b]"></a>switchTo6MHz</STRONG> (Thumb, 46 bytes, Stack size 4 bytes, system_swm260.o(.text), UNUSED)
<BR><BR>[Calls]<UL><LI><a href="#[3c]">&gt;&gt;</a>&nbsp;&nbsp;&nbsp;switchTo48MHz
</UL>

<P><STRONG><a name="[3d]"></a>switchTo3MHz</STRONG> (Thumb, 46 bytes, Stack size 4 bytes, system_swm260.o(.text), UNUSED)
<BR><BR>[Calls]<UL><LI><a href="#[36]">&gt;&gt;</a>&nbsp;&nbsp;&nbsp;switchTo24MHz
</UL>

<P><STRONG><a name="[2a]"></a>SystemInit</STRONG> (Thumb, 24 bytes, Stack size 8 bytes, system_swm260.o(.text))
<BR><BR>[Stack]<UL><LI>Max Depth = 44<LI>Call Chain = SystemInit &rArr; SystemCoreClockUpdate &rArr; __aeabi_uidivmod
</UL>
<BR>[Calls]<UL><LI><a href="#[36]">&gt;&gt;</a>&nbsp;&nbsp;&nbsp;switchTo24MHz
<LI><a href="#[32]">&gt;&gt;</a>&nbsp;&nbsp;&nbsp;SystemCoreClockUpdate
</UL>
<BR>[Called By]<UL><LI><a href="#[26]">&gt;&gt;</a>&nbsp;&nbsp;&nbsp;main
</UL>

<P><STRONG><a name="[0]"></a>Reset_Handler</STRONG> (Thumb, 4 bytes, Stack size 0 bytes, startup_swm260.o(.text))
<BR>[Address Reference Count : 1]<UL><LI> startup_swm260.o(RESET)
</UL>
<P><STRONG><a name="[1]"></a>NMI_Handler</STRONG> (Thumb, 2 bytes, Stack size 0 bytes, startup_swm260.o(.text))
<BR><BR>[Calls]<UL><LI><a href="#[1]">&gt;&gt;</a>&nbsp;&nbsp;&nbsp;NMI_Handler
</UL>
<BR>[Called By]<UL><LI><a href="#[1]">&gt;&gt;</a>&nbsp;&nbsp;&nbsp;NMI_Handler
</UL>
<BR>[Address Reference Count : 1]<UL><LI> startup_swm260.o(RESET)
</UL>
<P><STRONG><a name="[2]"></a>HardFault_Handler</STRONG> (Thumb, 2 bytes, Stack size 0 bytes, startup_swm260.o(.text))
<BR><BR>[Calls]<UL><LI><a href="#[2]">&gt;&gt;</a>&nbsp;&nbsp;&nbsp;HardFault_Handler
</UL>
<BR>[Called By]<UL><LI><a href="#[2]">&gt;&gt;</a>&nbsp;&nbsp;&nbsp;HardFault_Handler
</UL>
<BR>[Address Reference Count : 1]<UL><LI> startup_swm260.o(RESET)
</UL>
<P><STRONG><a name="[3]"></a>SVC_Handler</STRONG> (Thumb, 2 bytes, Stack size 0 bytes, startup_swm260.o(.text))
<BR><BR>[Calls]<UL><LI><a href="#[3]">&gt;&gt;</a>&nbsp;&nbsp;&nbsp;SVC_Handler
</UL>
<BR>[Called By]<UL><LI><a href="#[3]">&gt;&gt;</a>&nbsp;&nbsp;&nbsp;SVC_Handler
</UL>
<BR>[Address Reference Count : 1]<UL><LI> startup_swm260.o(RESET)
</UL>
<P><STRONG><a name="[4]"></a>PendSV_Handler</STRONG> (Thumb, 2 bytes, Stack size 0 bytes, startup_swm260.o(.text))
<BR><BR>[Calls]<UL><LI><a href="#[4]">&gt;&gt;</a>&nbsp;&nbsp;&nbsp;PendSV_Handler
</UL>
<BR>[Called By]<UL><LI><a href="#[4]">&gt;&gt;</a>&nbsp;&nbsp;&nbsp;PendSV_Handler
</UL>
<BR>[Address Reference Count : 1]<UL><LI> startup_swm260.o(RESET)
</UL>
<P><STRONG><a name="[5]"></a>SysTick_Handler</STRONG> (Thumb, 2 bytes, Stack size 0 bytes, startup_swm260.o(.text))
<BR><BR>[Calls]<UL><LI><a href="#[5]">&gt;&gt;</a>&nbsp;&nbsp;&nbsp;SysTick_Handler
</UL>
<BR>[Called By]<UL><LI><a href="#[5]">&gt;&gt;</a>&nbsp;&nbsp;&nbsp;SysTick_Handler
</UL>
<BR>[Address Reference Count : 1]<UL><LI> startup_swm260.o(RESET)
</UL>
<P><STRONG><a name="[6]"></a>UART0_Handler</STRONG> (Thumb, 2 bytes, Stack size 0 bytes, startup_swm260.o(.text))
<BR><BR>[Calls]<UL><LI><a href="#[6]">&gt;&gt;</a>&nbsp;&nbsp;&nbsp;UART0_Handler
</UL>
<BR>[Called By]<UL><LI><a href="#[6]">&gt;&gt;</a>&nbsp;&nbsp;&nbsp;UART0_Handler
</UL>
<BR>[Address Reference Count : 1]<UL><LI> startup_swm260.o(RESET)
</UL>
<P><STRONG><a name="[7]"></a>TIMR0_Handler</STRONG> (Thumb, 2 bytes, Stack size 0 bytes, startup_swm260.o(.text))
<BR><BR>[Calls]<UL><LI><a href="#[7]">&gt;&gt;</a>&nbsp;&nbsp;&nbsp;TIMR0_Handler
</UL>
<BR>[Called By]<UL><LI><a href="#[7]">&gt;&gt;</a>&nbsp;&nbsp;&nbsp;TIMR0_Handler
</UL>
<BR>[Address Reference Count : 1]<UL><LI> startup_swm260.o(RESET)
</UL>
<P><STRONG><a name="[8]"></a>SPI0_Handler</STRONG> (Thumb, 2 bytes, Stack size 0 bytes, startup_swm260.o(.text))
<BR><BR>[Calls]<UL><LI><a href="#[8]">&gt;&gt;</a>&nbsp;&nbsp;&nbsp;SPI0_Handler
</UL>
<BR>[Called By]<UL><LI><a href="#[8]">&gt;&gt;</a>&nbsp;&nbsp;&nbsp;SPI0_Handler
</UL>
<BR>[Address Reference Count : 1]<UL><LI> startup_swm260.o(RESET)
</UL>
<P><STRONG><a name="[9]"></a>UART1_Handler</STRONG> (Thumb, 2 bytes, Stack size 0 bytes, startup_swm260.o(.text))
<BR><BR>[Calls]<UL><LI><a href="#[9]">&gt;&gt;</a>&nbsp;&nbsp;&nbsp;UART1_Handler
</UL>
<BR>[Called By]<UL><LI><a href="#[9]">&gt;&gt;</a>&nbsp;&nbsp;&nbsp;UART1_Handler
</UL>
<BR>[Address Reference Count : 1]<UL><LI> startup_swm260.o(RESET)
</UL>
<P><STRONG><a name="[a]"></a>UART2_Handler</STRONG> (Thumb, 2 bytes, Stack size 0 bytes, startup_swm260.o(.text))
<BR><BR>[Calls]<UL><LI><a href="#[a]">&gt;&gt;</a>&nbsp;&nbsp;&nbsp;UART2_Handler
</UL>
<BR>[Called By]<UL><LI><a href="#[a]">&gt;&gt;</a>&nbsp;&nbsp;&nbsp;UART2_Handler
</UL>
<BR>[Address Reference Count : 1]<UL><LI> startup_swm260.o(RESET)
</UL>
<P><STRONG><a name="[b]"></a>TIMR1_Handler</STRONG> (Thumb, 2 bytes, Stack size 0 bytes, startup_swm260.o(.text))
<BR><BR>[Calls]<UL><LI><a href="#[b]">&gt;&gt;</a>&nbsp;&nbsp;&nbsp;TIMR1_Handler
</UL>
<BR>[Called By]<UL><LI><a href="#[b]">&gt;&gt;</a>&nbsp;&nbsp;&nbsp;TIMR1_Handler
</UL>
<BR>[Address Reference Count : 1]<UL><LI> startup_swm260.o(RESET)
</UL>
<P><STRONG><a name="[c]"></a>DMA_Handler</STRONG> (Thumb, 2 bytes, Stack size 0 bytes, startup_swm260.o(.text))
<BR><BR>[Calls]<UL><LI><a href="#[c]">&gt;&gt;</a>&nbsp;&nbsp;&nbsp;DMA_Handler
</UL>
<BR>[Called By]<UL><LI><a href="#[c]">&gt;&gt;</a>&nbsp;&nbsp;&nbsp;DMA_Handler
</UL>
<BR>[Address Reference Count : 1]<UL><LI> startup_swm260.o(RESET)
</UL>
<P><STRONG><a name="[d]"></a>PWM0_Handler</STRONG> (Thumb, 2 bytes, Stack size 0 bytes, startup_swm260.o(.text))
<BR><BR>[Calls]<UL><LI><a href="#[d]">&gt;&gt;</a>&nbsp;&nbsp;&nbsp;PWM0_Handler
</UL>
<BR>[Called By]<UL><LI><a href="#[d]">&gt;&gt;</a>&nbsp;&nbsp;&nbsp;PWM0_Handler
</UL>
<BR>[Address Reference Count : 1]<UL><LI> startup_swm260.o(RESET)
</UL>
<P><STRONG><a name="[e]"></a>BTIMR0_Handler</STRONG> (Thumb, 2 bytes, Stack size 0 bytes, startup_swm260.o(.text))
<BR><BR>[Calls]<UL><LI><a href="#[e]">&gt;&gt;</a>&nbsp;&nbsp;&nbsp;BTIMR0_Handler
</UL>
<BR>[Called By]<UL><LI><a href="#[e]">&gt;&gt;</a>&nbsp;&nbsp;&nbsp;BTIMR0_Handler
</UL>
<BR>[Address Reference Count : 1]<UL><LI> startup_swm260.o(RESET)
</UL>
<P><STRONG><a name="[f]"></a>TIMR2_Handler</STRONG> (Thumb, 2 bytes, Stack size 0 bytes, startup_swm260.o(.text))
<BR><BR>[Calls]<UL><LI><a href="#[f]">&gt;&gt;</a>&nbsp;&nbsp;&nbsp;TIMR2_Handler
</UL>
<BR>[Called By]<UL><LI><a href="#[f]">&gt;&gt;</a>&nbsp;&nbsp;&nbsp;TIMR2_Handler
</UL>
<BR>[Address Reference Count : 1]<UL><LI> startup_swm260.o(RESET)
</UL>
<P><STRONG><a name="[10]"></a>TIMR3_Handler</STRONG> (Thumb, 2 bytes, Stack size 0 bytes, startup_swm260.o(.text))
<BR><BR>[Calls]<UL><LI><a href="#[10]">&gt;&gt;</a>&nbsp;&nbsp;&nbsp;TIMR3_Handler
</UL>
<BR>[Called By]<UL><LI><a href="#[10]">&gt;&gt;</a>&nbsp;&nbsp;&nbsp;TIMR3_Handler
</UL>
<BR>[Address Reference Count : 1]<UL><LI> startup_swm260.o(RESET)
</UL>
<P><STRONG><a name="[11]"></a>WDT_Handler</STRONG> (Thumb, 2 bytes, Stack size 0 bytes, startup_swm260.o(.text))
<BR><BR>[Calls]<UL><LI><a href="#[11]">&gt;&gt;</a>&nbsp;&nbsp;&nbsp;WDT_Handler
</UL>
<BR>[Called By]<UL><LI><a href="#[11]">&gt;&gt;</a>&nbsp;&nbsp;&nbsp;WDT_Handler
</UL>
<BR>[Address Reference Count : 1]<UL><LI> startup_swm260.o(RESET)
</UL>
<P><STRONG><a name="[12]"></a>I2C4_Handler</STRONG> (Thumb, 2 bytes, Stack size 0 bytes, startup_swm260.o(.text))
<BR><BR>[Calls]<UL><LI><a href="#[12]">&gt;&gt;</a>&nbsp;&nbsp;&nbsp;I2C4_Handler
</UL>
<BR>[Called By]<UL><LI><a href="#[12]">&gt;&gt;</a>&nbsp;&nbsp;&nbsp;I2C4_Handler
</UL>
<BR>[Address Reference Count : 1]<UL><LI> startup_swm260.o(RESET)
</UL>
<P><STRONG><a name="[13]"></a>UART3_Handler</STRONG> (Thumb, 2 bytes, Stack size 0 bytes, startup_swm260.o(.text))
<BR><BR>[Calls]<UL><LI><a href="#[13]">&gt;&gt;</a>&nbsp;&nbsp;&nbsp;UART3_Handler
</UL>
<BR>[Called By]<UL><LI><a href="#[13]">&gt;&gt;</a>&nbsp;&nbsp;&nbsp;UART3_Handler
</UL>
<BR>[Address Reference Count : 1]<UL><LI> startup_swm260.o(RESET)
</UL>
<P><STRONG><a name="[14]"></a>ADC0_Handler</STRONG> (Thumb, 2 bytes, Stack size 0 bytes, startup_swm260.o(.text))
<BR><BR>[Calls]<UL><LI><a href="#[14]">&gt;&gt;</a>&nbsp;&nbsp;&nbsp;ADC0_Handler
</UL>
<BR>[Called By]<UL><LI><a href="#[14]">&gt;&gt;</a>&nbsp;&nbsp;&nbsp;ADC0_Handler
</UL>
<BR>[Address Reference Count : 1]<UL><LI> startup_swm260.o(RESET)
</UL>
<P><STRONG><a name="[15]"></a>BTIMR1_Handler</STRONG> (Thumb, 2 bytes, Stack size 0 bytes, startup_swm260.o(.text))
<BR><BR>[Calls]<UL><LI><a href="#[15]">&gt;&gt;</a>&nbsp;&nbsp;&nbsp;BTIMR1_Handler
</UL>
<BR>[Called By]<UL><LI><a href="#[15]">&gt;&gt;</a>&nbsp;&nbsp;&nbsp;BTIMR1_Handler
</UL>
<BR>[Address Reference Count : 1]<UL><LI> startup_swm260.o(RESET)
</UL>
<P><STRONG><a name="[17]"></a>GPIOA6_GPIOC7_Handler</STRONG> (Thumb, 2 bytes, Stack size 0 bytes, startup_swm260.o(.text))
<BR><BR>[Calls]<UL><LI><a href="#[17]">&gt;&gt;</a>&nbsp;&nbsp;&nbsp;GPIOA6_GPIOC7_Handler
</UL>
<BR>[Called By]<UL><LI><a href="#[17]">&gt;&gt;</a>&nbsp;&nbsp;&nbsp;GPIOA6_GPIOC7_Handler
</UL>
<BR>[Address Reference Count : 1]<UL><LI> startup_swm260.o(RESET)
</UL>
<P><STRONG><a name="[18]"></a>GPIOA7_GPIOC8_Handler</STRONG> (Thumb, 2 bytes, Stack size 0 bytes, startup_swm260.o(.text))
<BR><BR>[Calls]<UL><LI><a href="#[18]">&gt;&gt;</a>&nbsp;&nbsp;&nbsp;GPIOA7_GPIOC8_Handler
</UL>
<BR>[Called By]<UL><LI><a href="#[18]">&gt;&gt;</a>&nbsp;&nbsp;&nbsp;GPIOA7_GPIOC8_Handler
</UL>
<BR>[Address Reference Count : 1]<UL><LI> startup_swm260.o(RESET)
</UL>
<P><STRONG><a name="[19]"></a>GPIOA8_GPIOC9_Handler</STRONG> (Thumb, 2 bytes, Stack size 0 bytes, startup_swm260.o(.text))
<BR><BR>[Calls]<UL><LI><a href="#[19]">&gt;&gt;</a>&nbsp;&nbsp;&nbsp;GPIOA8_GPIOC9_Handler
</UL>
<BR>[Called By]<UL><LI><a href="#[19]">&gt;&gt;</a>&nbsp;&nbsp;&nbsp;GPIOA8_GPIOC9_Handler
</UL>
<BR>[Address Reference Count : 1]<UL><LI> startup_swm260.o(RESET)
</UL>
<P><STRONG><a name="[1a]"></a>GPIOA10_GPIOC10_Handler</STRONG> (Thumb, 2 bytes, Stack size 0 bytes, startup_swm260.o(.text))
<BR><BR>[Calls]<UL><LI><a href="#[1a]">&gt;&gt;</a>&nbsp;&nbsp;&nbsp;GPIOA10_GPIOC10_Handler
</UL>
<BR>[Called By]<UL><LI><a href="#[1a]">&gt;&gt;</a>&nbsp;&nbsp;&nbsp;GPIOA10_GPIOC10_Handler
</UL>
<BR>[Address Reference Count : 1]<UL><LI> startup_swm260.o(RESET)
</UL>
<P><STRONG><a name="[1b]"></a>GPIOA13_GPIOC12_Handler</STRONG> (Thumb, 2 bytes, Stack size 0 bytes, startup_swm260.o(.text))
<BR><BR>[Calls]<UL><LI><a href="#[1b]">&gt;&gt;</a>&nbsp;&nbsp;&nbsp;GPIOA13_GPIOC12_Handler
</UL>
<BR>[Called By]<UL><LI><a href="#[1b]">&gt;&gt;</a>&nbsp;&nbsp;&nbsp;GPIOA13_GPIOC12_Handler
</UL>
<BR>[Address Reference Count : 1]<UL><LI> startup_swm260.o(RESET)
</UL>
<P><STRONG><a name="[1c]"></a>GPIOA12_GPIOC13_Handler</STRONG> (Thumb, 2 bytes, Stack size 0 bytes, startup_swm260.o(.text))
<BR><BR>[Calls]<UL><LI><a href="#[1c]">&gt;&gt;</a>&nbsp;&nbsp;&nbsp;GPIOA12_GPIOC13_Handler
</UL>
<BR>[Called By]<UL><LI><a href="#[1c]">&gt;&gt;</a>&nbsp;&nbsp;&nbsp;GPIOA12_GPIOC13_Handler
</UL>
<BR>[Address Reference Count : 1]<UL><LI> startup_swm260.o(RESET)
</UL>
<P><STRONG><a name="[1d]"></a>GPIOA11_GPIOC14_Handler</STRONG> (Thumb, 2 bytes, Stack size 0 bytes, startup_swm260.o(.text))
<BR><BR>[Calls]<UL><LI><a href="#[1d]">&gt;&gt;</a>&nbsp;&nbsp;&nbsp;GPIOA11_GPIOC14_Handler
</UL>
<BR>[Called By]<UL><LI><a href="#[1d]">&gt;&gt;</a>&nbsp;&nbsp;&nbsp;GPIOA11_GPIOC14_Handler
</UL>
<BR>[Address Reference Count : 1]<UL><LI> startup_swm260.o(RESET)
</UL>
<P><STRONG><a name="[1e]"></a>XTALSTOPDET_GPIOC0_Handler</STRONG> (Thumb, 2 bytes, Stack size 0 bytes, startup_swm260.o(.text))
<BR><BR>[Calls]<UL><LI><a href="#[1e]">&gt;&gt;</a>&nbsp;&nbsp;&nbsp;XTALSTOPDET_GPIOC0_Handler
</UL>
<BR>[Called By]<UL><LI><a href="#[1e]">&gt;&gt;</a>&nbsp;&nbsp;&nbsp;XTALSTOPDET_GPIOC0_Handler
</UL>
<BR>[Address Reference Count : 1]<UL><LI> startup_swm260.o(RESET)
</UL>
<P><STRONG><a name="[1f]"></a>BTIMR2_GPIOB12_Handler</STRONG> (Thumb, 2 bytes, Stack size 0 bytes, startup_swm260.o(.text))
<BR><BR>[Calls]<UL><LI><a href="#[1f]">&gt;&gt;</a>&nbsp;&nbsp;&nbsp;BTIMR2_GPIOB12_Handler
</UL>
<BR>[Called By]<UL><LI><a href="#[1f]">&gt;&gt;</a>&nbsp;&nbsp;&nbsp;BTIMR2_GPIOB12_Handler
</UL>
<BR>[Address Reference Count : 1]<UL><LI> startup_swm260.o(RESET)
</UL>
<P><STRONG><a name="[20]"></a>PWM1_GPIOA1_Handler</STRONG> (Thumb, 2 bytes, Stack size 0 bytes, startup_swm260.o(.text))
<BR><BR>[Calls]<UL><LI><a href="#[20]">&gt;&gt;</a>&nbsp;&nbsp;&nbsp;PWM1_GPIOA1_Handler
</UL>
<BR>[Called By]<UL><LI><a href="#[20]">&gt;&gt;</a>&nbsp;&nbsp;&nbsp;PWM1_GPIOA1_Handler
</UL>
<BR>[Address Reference Count : 1]<UL><LI> startup_swm260.o(RESET)
</UL>
<P><STRONG><a name="[21]"></a>PWM2_UART4_Handler</STRONG> (Thumb, 2 bytes, Stack size 0 bytes, startup_swm260.o(.text))
<BR><BR>[Calls]<UL><LI><a href="#[21]">&gt;&gt;</a>&nbsp;&nbsp;&nbsp;PWM2_UART4_Handler
</UL>
<BR>[Called By]<UL><LI><a href="#[21]">&gt;&gt;</a>&nbsp;&nbsp;&nbsp;PWM2_UART4_Handler
</UL>
<BR>[Address Reference Count : 1]<UL><LI> startup_swm260.o(RESET)
</UL>
<P><STRONG><a name="[22]"></a>BOD_PWMHALT_Handler</STRONG> (Thumb, 2 bytes, Stack size 0 bytes, startup_swm260.o(.text))
<BR><BR>[Calls]<UL><LI><a href="#[22]">&gt;&gt;</a>&nbsp;&nbsp;&nbsp;BOD_PWMHALT_Handler
</UL>
<BR>[Called By]<UL><LI><a href="#[22]">&gt;&gt;</a>&nbsp;&nbsp;&nbsp;BOD_PWMHALT_Handler
</UL>
<BR>[Address Reference Count : 1]<UL><LI> startup_swm260.o(RESET)
</UL>
<P><STRONG><a name="[23]"></a>PWM3_GPIOB_ACMP_Handler</STRONG> (Thumb, 2 bytes, Stack size 0 bytes, startup_swm260.o(.text))
<BR><BR>[Calls]<UL><LI><a href="#[23]">&gt;&gt;</a>&nbsp;&nbsp;&nbsp;PWM3_GPIOB_ACMP_Handler
</UL>
<BR>[Called By]<UL><LI><a href="#[23]">&gt;&gt;</a>&nbsp;&nbsp;&nbsp;PWM3_GPIOB_ACMP_Handler
</UL>
<BR>[Address Reference Count : 1]<UL><LI> startup_swm260.o(RESET)
</UL>
<P><STRONG><a name="[24]"></a>SPI1_HALL_GPIOD_Handler</STRONG> (Thumb, 2 bytes, Stack size 0 bytes, startup_swm260.o(.text))
<BR><BR>[Calls]<UL><LI><a href="#[24]">&gt;&gt;</a>&nbsp;&nbsp;&nbsp;SPI1_HALL_GPIOD_Handler
</UL>
<BR>[Called By]<UL><LI><a href="#[24]">&gt;&gt;</a>&nbsp;&nbsp;&nbsp;SPI1_HALL_GPIOD_Handler
</UL>
<BR>[Address Reference Count : 1]<UL><LI> startup_swm260.o(RESET)
</UL>
<P><STRONG><a name="[25]"></a>BTIMR3_RTC_Handler</STRONG> (Thumb, 2 bytes, Stack size 0 bytes, startup_swm260.o(.text))
<BR><BR>[Calls]<UL><LI><a href="#[25]">&gt;&gt;</a>&nbsp;&nbsp;&nbsp;BTIMR3_RTC_Handler
</UL>
<BR>[Called By]<UL><LI><a href="#[25]">&gt;&gt;</a>&nbsp;&nbsp;&nbsp;BTIMR3_RTC_Handler
</UL>
<BR>[Address Reference Count : 1]<UL><LI> startup_swm260.o(RESET)
</UL>
<P><STRONG><a name="[54]"></a>__aeabi_uidiv</STRONG> (Thumb, 0 bytes, Stack size 12 bytes, uidiv.o(.text), UNUSED)

<P><STRONG><a name="[34]"></a>__aeabi_uidivmod</STRONG> (Thumb, 44 bytes, Stack size 12 bytes, uidiv.o(.text))
<BR><BR>[Stack]<UL><LI>Max Depth = 12<LI>Call Chain = __aeabi_uidivmod
</UL>
<BR>[Called By]<UL><LI><a href="#[32]">&gt;&gt;</a>&nbsp;&nbsp;&nbsp;SystemCoreClockUpdate
</UL>

<P><STRONG><a name="[29]"></a>__scatterload</STRONG> (Thumb, 28 bytes, Stack size 0 bytes, init.o(.text))
<BR><BR>[Calls]<UL><LI><a href="#[3e]">&gt;&gt;</a>&nbsp;&nbsp;&nbsp;__main_after_scatterload
</UL>
<BR>[Called By]<UL><LI><a href="#[28]">&gt;&gt;</a>&nbsp;&nbsp;&nbsp;_main_scatterload
</UL>

<P><STRONG><a name="[55]"></a>__scatterload_rt2</STRONG> (Thumb, 0 bytes, Stack size 0 bytes, init.o(.text), UNUSED)

<P><STRONG><a name="[33]"></a>__ARM_common_switch8</STRONG> (Thumb, 26 bytes, Stack size 8 bytes, system_swm260.o(i.__ARM_common_switch8))
<BR><BR>[Stack]<UL><LI>Max Depth = 8<LI>Call Chain = __ARM_common_switch8
</UL>
<BR>[Called By]<UL><LI><a href="#[32]">&gt;&gt;</a>&nbsp;&nbsp;&nbsp;SystemCoreClockUpdate
</UL>

<P><STRONG><a name="[56]"></a>__scatterload_copy</STRONG> (Thumb, 14 bytes, Stack size unknown bytes, handlers.o(i.__scatterload_copy), UNUSED)

<P><STRONG><a name="[57]"></a>__scatterload_null</STRONG> (Thumb, 2 bytes, Stack size unknown bytes, handlers.o(i.__scatterload_null), UNUSED)

<P><STRONG><a name="[58]"></a>__scatterload_zeroinit</STRONG> (Thumb, 14 bytes, Stack size unknown bytes, handlers.o(i.__scatterload_zeroinit), UNUSED)
<P>
<H3>
Local Symbols
</H3><P>
<H3>
Undefined Global Symbols
</H3><HR></body></html>
