<html>
<body>
<pre>
<h1>µVision Build Log</h1>
<h2>Tool Versions:</h2>
IDE-Version: ¦ÌVision V5.33.0.0
Copyright (C) 2020 ARM Ltd and ARM Germany GmbH. All rights reserved.
License Information: 11 1, 1, LIC=MPPLD-8V535-454T5-GQFZC-EHBE1-358PB
 
Tool Versions:
Toolchain:       MDK-ARM Plus  Version: 5.33.0.0
Toolchain Path:  C:\Keil_v5\ARM\ARMCC\Bin
C Compiler:      Armcc.exe V5.06 update 7 (build 960)
Assembler:       Armasm.exe V5.06 update 7 (build 960)
Linker/Locator:  ArmLink.exe V5.06 update 7 (build 960)
Library Manager: ArmAr.exe V5.06 update 7 (build 960)
Hex Converter:   FromElf.exe V5.06 update 7 (build 960)
CPU DLL:         SARMCM3.DLL V5.33.0.0
Dialog DLL:      DARMCM1.DLL V1.19.4.0
Target DLL:      Segger\JL2CM3.dll V2.99.38.0
Dialog DLL:      TARMCM1.DLL V1.14.3.0
 
<h2>Project:</h2>
C:\Users\xueji\Desktop\LIB\SWM260_Lib\ADC\SimplADC0_Interrupt\SimplADC0_Interrupt.uvprojx
Project File Date:  01/27/2021

<h2>Output:</h2>
*** Using Compiler 'V5.06 update 7 (build 960)', folder: 'C:\Keil_v5\ARM\ARMCC\Bin'
Build target 'SWM260'
compiling SWM260_exti.c...
compiling main.c...
compiling SWM260_adc.c...
compiling SWM260_gpio.c...
compiling SWM260_uart.c...
compiling SWM260_i2c.c...
compiling SWM260_timr.c...
compiling SWM260_pwm.c...
assembling startup_SWM260.s...
compiling SWM260_wdt.c...
compiling SWM260_flash.c...
compiling SWM260_port.c...
compiling SWM260_dma.c...
compiling SWM260_spi.c...
compiling system_SWM260.c...
compiling SWM260_rtc.c...
linking...
Program Size: Code=4292 RO-data=224 RW-data=12 ZI-data=1028  
After Build - User command #1: fromelf --bin -o "C:\Users\xueji\Desktop\LIB\SWM260_Lib\ADC\SimplADC0_Interrupt\out\SimplADC0_Interrupt.bin" "C:\Users\xueji\Desktop\LIB\SWM260_Lib\ADC\SimplADC0_Interrupt\out\SimplADC0_Interrupt.axf"
".\out\SimplADC0_Interrupt.axf" - 0 Error(s), 0 Warning(s).

<h2>Software Packages used:</h2>

Package Vendor: ARM
                http://www.keil.com/pack/ARM.CMSIS.5.7.0.pack
                ARM.CMSIS.5.7.0
                CMSIS (Cortex Microcontroller Software Interface Standard)
   * Component: CORE Version: 5.4.0

Package Vendor: Synwit
                http://www.synwit.com/pack/Synwit.SWM32_DFP.1.8.4.pack
                Synwit.SWM32_DFP.1.8.4
                Synwit 32bit MCU Device Support

<h2>Collection of Component include folders:</h2>
  .\RTE\_SWM260
  C:\Users\xueji\AppData\Local\Arm\Packs\ARM\CMSIS\5.7.0\CMSIS\Core\Include
  C:\Users\xueji\AppData\Local\Arm\Packs\Synwit\SWM32_DFP\1.8.4\CSL\SWM260\CMSIS\DeviceSupport

<h2>Collection of Component Files used:</h2>

   * Component: ARM::CMSIS:CORE:5.4.0
Build Time Elapsed:  00:00:02
</pre>
</body>
</html>
