Component: ARM Compiler 5.06 update 7 (build 960) Tool: armlink [4d3601]

==============================================================================

Section Cross References

    main.o(.text) refers to swm260_port.o(.text) for PORT_Init
    main.o(.text) refers to swm260_uart.o(.text) for UART_Init
    main.o(.text) refers to system_swm260.o(.text) for SystemInit
    main.o(.text) refers to swm260_adc.o(.text) for ADC_Init
    main.o(.text) refers to printf6.o(i.__0printf$6) for __2printf
    swm260_gpio.o(.text) refers to swm260_port.o(.text) for PORT_Init
    swm260_i2c.o(.text) refers to uidiv.o(.text) for __aeabi_uidivmod
    swm260_i2c.o(.text) refers to system_swm260.o(.data) for SystemCoreClock
    swm260_pwm.o(.text) refers to swm260_pwm.o(.data) for .data
    swm260_uart.o(.text) refers to uidiv.o(.text) for __aeabi_uidivmod
    swm260_uart.o(.text) refers to system_swm260.o(.data) for SystemCoreClock
    swm260_rtc.o(.text) refers to memcpya.o(.text) for __aeabi_memcpy4
    swm260_rtc.o(.text) refers to uidiv.o(.text) for __aeabi_uidivmod
    swm260_rtc.o(.text) refers to swm260_rtc.o(.constdata) for .constdata
    system_swm260.o(.text) refers to system_swm260.o(i.__ARM_common_switch8) for __ARM_common_switch8
    system_swm260.o(.text) refers to uidiv.o(.text) for __aeabi_uidivmod
    system_swm260.o(.text) refers to swm260_port.o(.text) for PORT_Init
    system_swm260.o(.text) refers to system_swm260.o(.data) for .data
    startup_swm260.o(RESET) refers to startup_swm260.o(STACK) for __initial_sp
    startup_swm260.o(RESET) refers to startup_swm260.o(.text) for Reset_Handler
    startup_swm260.o(RESET) refers to main.o(.text) for ADC0_Handler
    startup_swm260.o(.text) refers to entry.o(.ARM.Collect$$$$00000000) for __main
    entry.o(.ARM.Collect$$$$00000000) refers (Special) to entry10a.o(.ARM.Collect$$$$0000000F) for __rt_final_cpp
    entry.o(.ARM.Collect$$$$00000000) refers (Special) to entry11a.o(.ARM.Collect$$$$00000011) for __rt_final_exit
    entry.o(.ARM.Collect$$$$00000000) refers (Special) to entry12b.o(.ARM.Collect$$$$0000000E) for __rt_lib_shutdown_fini
    entry.o(.ARM.Collect$$$$00000000) refers (Special) to entry7b.o(.ARM.Collect$$$$00000008) for _main_clock
    entry.o(.ARM.Collect$$$$00000000) refers (Special) to entry8b.o(.ARM.Collect$$$$0000000A) for _main_cpp_init
    entry.o(.ARM.Collect$$$$00000000) refers (Special) to entry9a.o(.ARM.Collect$$$$0000000B) for _main_init
    entry.o(.ARM.Collect$$$$00000000) refers (Special) to entry5.o(.ARM.Collect$$$$00000004) for _main_scatterload
    entry.o(.ARM.Collect$$$$00000000) refers (Special) to entry2.o(.ARM.Collect$$$$00000001) for _main_stk
    printfb.o(i.__0fprintf$bare) refers to printfb.o(i._printf_core) for _printf_core
    printfb.o(i.__0fprintf$bare) refers to main.o(.text) for fputc
    printfb.o(i.__0printf$bare) refers to printfb.o(i._printf_core) for _printf_core
    printfb.o(i.__0printf$bare) refers to main.o(.text) for fputc
    printfb.o(i.__0printf$bare) refers to stdout.o(.data) for __stdout
    printfb.o(i.__0snprintf$bare) refers to printfb.o(i._printf_core) for _printf_core
    printfb.o(i.__0snprintf$bare) refers to printfb.o(i._snputc) for _snputc
    printfb.o(i.__0sprintf$bare) refers to printfb.o(i._printf_core) for _printf_core
    printfb.o(i.__0sprintf$bare) refers to printfb.o(i._sputc) for _sputc
    printfb.o(i.__0vfprintf$bare) refers to printfb.o(i._printf_core) for _printf_core
    printfb.o(i.__0vfprintf$bare) refers to main.o(.text) for fputc
    printfb.o(i.__0vprintf$bare) refers to printfb.o(i._printf_core) for _printf_core
    printfb.o(i.__0vprintf$bare) refers to main.o(.text) for fputc
    printfb.o(i.__0vprintf$bare) refers to stdout.o(.data) for __stdout
    printfb.o(i.__0vsnprintf$bare) refers to printfb.o(i._printf_core) for _printf_core
    printfb.o(i.__0vsnprintf$bare) refers to printfb.o(i._snputc) for _snputc
    printfb.o(i.__0vsprintf$bare) refers to printfb.o(i._printf_core) for _printf_core
    printfb.o(i.__0vsprintf$bare) refers to printfb.o(i._sputc) for _sputc
    printf0.o(i.__0fprintf$0) refers to printf0.o(i._printf_core) for _printf_core
    printf0.o(i.__0fprintf$0) refers to main.o(.text) for fputc
    printf0.o(i.__0printf$0) refers to printf0.o(i._printf_core) for _printf_core
    printf0.o(i.__0printf$0) refers to main.o(.text) for fputc
    printf0.o(i.__0printf$0) refers to stdout.o(.data) for __stdout
    printf0.o(i.__0snprintf$0) refers to printf0.o(i._printf_core) for _printf_core
    printf0.o(i.__0snprintf$0) refers to printf0.o(i._snputc) for _snputc
    printf0.o(i.__0sprintf$0) refers to printf0.o(i._printf_core) for _printf_core
    printf0.o(i.__0sprintf$0) refers to printf0.o(i._sputc) for _sputc
    printf0.o(i.__0vfprintf$0) refers to printf0.o(i._printf_core) for _printf_core
    printf0.o(i.__0vfprintf$0) refers to main.o(.text) for fputc
    printf0.o(i.__0vprintf$0) refers to printf0.o(i._printf_core) for _printf_core
    printf0.o(i.__0vprintf$0) refers to main.o(.text) for fputc
    printf0.o(i.__0vprintf$0) refers to stdout.o(.data) for __stdout
    printf0.o(i.__0vsnprintf$0) refers to printf0.o(i._printf_core) for _printf_core
    printf0.o(i.__0vsnprintf$0) refers to printf0.o(i._snputc) for _snputc
    printf0.o(i.__0vsprintf$0) refers to printf0.o(i._printf_core) for _printf_core
    printf0.o(i.__0vsprintf$0) refers to printf0.o(i._sputc) for _sputc
    printf1.o(i.__0fprintf$1) refers to printf1.o(i._printf_core) for _printf_core
    printf1.o(i.__0fprintf$1) refers to main.o(.text) for fputc
    printf1.o(i.__0printf$1) refers to printf1.o(i._printf_core) for _printf_core
    printf1.o(i.__0printf$1) refers to main.o(.text) for fputc
    printf1.o(i.__0printf$1) refers to stdout.o(.data) for __stdout
    printf1.o(i.__0snprintf$1) refers to printf1.o(i._printf_core) for _printf_core
    printf1.o(i.__0snprintf$1) refers to printf1.o(i._snputc) for _snputc
    printf1.o(i.__0sprintf$1) refers to printf1.o(i._printf_core) for _printf_core
    printf1.o(i.__0sprintf$1) refers to printf1.o(i._sputc) for _sputc
    printf1.o(i.__0vfprintf$1) refers to printf1.o(i._printf_core) for _printf_core
    printf1.o(i.__0vfprintf$1) refers to main.o(.text) for fputc
    printf1.o(i.__0vprintf$1) refers to printf1.o(i._printf_core) for _printf_core
    printf1.o(i.__0vprintf$1) refers to main.o(.text) for fputc
    printf1.o(i.__0vprintf$1) refers to stdout.o(.data) for __stdout
    printf1.o(i.__0vsnprintf$1) refers to printf1.o(i._printf_core) for _printf_core
    printf1.o(i.__0vsnprintf$1) refers to printf1.o(i._snputc) for _snputc
    printf1.o(i.__0vsprintf$1) refers to printf1.o(i._printf_core) for _printf_core
    printf1.o(i.__0vsprintf$1) refers to printf1.o(i._sputc) for _sputc
    printf1.o(i._printf_core) refers to uidiv.o(.text) for __aeabi_uidivmod
    printf2.o(i.__0fprintf$2) refers to printf2.o(i._printf_core) for _printf_core
    printf2.o(i.__0fprintf$2) refers to main.o(.text) for fputc
    printf2.o(i.__0printf$2) refers to printf2.o(i._printf_core) for _printf_core
    printf2.o(i.__0printf$2) refers to main.o(.text) for fputc
    printf2.o(i.__0printf$2) refers to stdout.o(.data) for __stdout
    printf2.o(i.__0snprintf$2) refers to printf2.o(i._printf_core) for _printf_core
    printf2.o(i.__0snprintf$2) refers to printf2.o(i._snputc) for _snputc
    printf2.o(i.__0sprintf$2) refers to printf2.o(i._printf_core) for _printf_core
    printf2.o(i.__0sprintf$2) refers to printf2.o(i._sputc) for _sputc
    printf2.o(i.__0vfprintf$2) refers to printf2.o(i._printf_core) for _printf_core
    printf2.o(i.__0vfprintf$2) refers to main.o(.text) for fputc
    printf2.o(i.__0vprintf$2) refers to printf2.o(i._printf_core) for _printf_core
    printf2.o(i.__0vprintf$2) refers to main.o(.text) for fputc
    printf2.o(i.__0vprintf$2) refers to stdout.o(.data) for __stdout
    printf2.o(i.__0vsnprintf$2) refers to printf2.o(i._printf_core) for _printf_core
    printf2.o(i.__0vsnprintf$2) refers to printf2.o(i._snputc) for _snputc
    printf2.o(i.__0vsprintf$2) refers to printf2.o(i._printf_core) for _printf_core
    printf2.o(i.__0vsprintf$2) refers to printf2.o(i._sputc) for _sputc
    printf3.o(i.__0fprintf$3) refers to printf3.o(i._printf_core) for _printf_core
    printf3.o(i.__0fprintf$3) refers to main.o(.text) for fputc
    printf3.o(i.__0printf$3) refers to printf3.o(i._printf_core) for _printf_core
    printf3.o(i.__0printf$3) refers to main.o(.text) for fputc
    printf3.o(i.__0printf$3) refers to stdout.o(.data) for __stdout
    printf3.o(i.__0snprintf$3) refers to printf3.o(i._printf_core) for _printf_core
    printf3.o(i.__0snprintf$3) refers to printf3.o(i._snputc) for _snputc
    printf3.o(i.__0sprintf$3) refers to printf3.o(i._printf_core) for _printf_core
    printf3.o(i.__0sprintf$3) refers to printf3.o(i._sputc) for _sputc
    printf3.o(i.__0vfprintf$3) refers to printf3.o(i._printf_core) for _printf_core
    printf3.o(i.__0vfprintf$3) refers to main.o(.text) for fputc
    printf3.o(i.__0vprintf$3) refers to printf3.o(i._printf_core) for _printf_core
    printf3.o(i.__0vprintf$3) refers to main.o(.text) for fputc
    printf3.o(i.__0vprintf$3) refers to stdout.o(.data) for __stdout
    printf3.o(i.__0vsnprintf$3) refers to printf3.o(i._printf_core) for _printf_core
    printf3.o(i.__0vsnprintf$3) refers to printf3.o(i._snputc) for _snputc
    printf3.o(i.__0vsprintf$3) refers to printf3.o(i._printf_core) for _printf_core
    printf3.o(i.__0vsprintf$3) refers to printf3.o(i._sputc) for _sputc
    printf3.o(i._printf_core) refers to uidiv.o(.text) for __aeabi_uidivmod
    printf4.o(i.__0fprintf$4) refers to printf4.o(i._printf_core) for _printf_core
    printf4.o(i.__0fprintf$4) refers to main.o(.text) for fputc
    printf4.o(i.__0printf$4) refers to printf4.o(i._printf_core) for _printf_core
    printf4.o(i.__0printf$4) refers to main.o(.text) for fputc
    printf4.o(i.__0printf$4) refers to stdout.o(.data) for __stdout
    printf4.o(i.__0snprintf$4) refers to printf4.o(i._printf_core) for _printf_core
    printf4.o(i.__0snprintf$4) refers to printf4.o(i._snputc) for _snputc
    printf4.o(i.__0sprintf$4) refers to printf4.o(i._printf_core) for _printf_core
    printf4.o(i.__0sprintf$4) refers to printf4.o(i._sputc) for _sputc
    printf4.o(i.__0vfprintf$4) refers to printf4.o(i._printf_core) for _printf_core
    printf4.o(i.__0vfprintf$4) refers to main.o(.text) for fputc
    printf4.o(i.__0vprintf$4) refers to printf4.o(i._printf_core) for _printf_core
    printf4.o(i.__0vprintf$4) refers to main.o(.text) for fputc
    printf4.o(i.__0vprintf$4) refers to stdout.o(.data) for __stdout
    printf4.o(i.__0vsnprintf$4) refers to printf4.o(i._printf_core) for _printf_core
    printf4.o(i.__0vsnprintf$4) refers to printf4.o(i._snputc) for _snputc
    printf4.o(i.__0vsprintf$4) refers to printf4.o(i._printf_core) for _printf_core
    printf4.o(i.__0vsprintf$4) refers to printf4.o(i._sputc) for _sputc
    printf4.o(i._printf_core) refers to uldiv.o(.text) for __aeabi_uldivmod
    printf5.o(i.__0fprintf$5) refers to printf5.o(i._printf_core) for _printf_core
    printf5.o(i.__0fprintf$5) refers to main.o(.text) for fputc
    printf5.o(i.__0printf$5) refers to printf5.o(i._printf_core) for _printf_core
    printf5.o(i.__0printf$5) refers to main.o(.text) for fputc
    printf5.o(i.__0printf$5) refers to stdout.o(.data) for __stdout
    printf5.o(i.__0snprintf$5) refers to printf5.o(i._printf_core) for _printf_core
    printf5.o(i.__0snprintf$5) refers to printf5.o(i._snputc) for _snputc
    printf5.o(i.__0sprintf$5) refers to printf5.o(i._printf_core) for _printf_core
    printf5.o(i.__0sprintf$5) refers to printf5.o(i._sputc) for _sputc
    printf5.o(i.__0vfprintf$5) refers to printf5.o(i._printf_core) for _printf_core
    printf5.o(i.__0vfprintf$5) refers to main.o(.text) for fputc
    printf5.o(i.__0vprintf$5) refers to printf5.o(i._printf_core) for _printf_core
    printf5.o(i.__0vprintf$5) refers to main.o(.text) for fputc
    printf5.o(i.__0vprintf$5) refers to stdout.o(.data) for __stdout
    printf5.o(i.__0vsnprintf$5) refers to printf5.o(i._printf_core) for _printf_core
    printf5.o(i.__0vsnprintf$5) refers to printf5.o(i._snputc) for _snputc
    printf5.o(i.__0vsprintf$5) refers to printf5.o(i._printf_core) for _printf_core
    printf5.o(i.__0vsprintf$5) refers to printf5.o(i._sputc) for _sputc
    printf5.o(i._printf_core) refers to uldiv.o(.text) for __aeabi_uldivmod
    printf6.o(i.__0fprintf$6) refers to printf6.o(i._printf_core) for _printf_core
    printf6.o(i.__0fprintf$6) refers to main.o(.text) for fputc
    printf6.o(i.__0printf$6) refers to printf6.o(i._printf_core) for _printf_core
    printf6.o(i.__0printf$6) refers to main.o(.text) for fputc
    printf6.o(i.__0printf$6) refers to stdout.o(.data) for __stdout
    printf6.o(i.__0snprintf$6) refers to printf6.o(i._printf_core) for _printf_core
    printf6.o(i.__0snprintf$6) refers to printf6.o(i._snputc) for _snputc
    printf6.o(i.__0sprintf$6) refers to printf6.o(i._printf_core) for _printf_core
    printf6.o(i.__0sprintf$6) refers to printf6.o(i._sputc) for _sputc
    printf6.o(i.__0vfprintf$6) refers to printf6.o(i._printf_core) for _printf_core
    printf6.o(i.__0vfprintf$6) refers to main.o(.text) for fputc
    printf6.o(i.__0vprintf$6) refers to printf6.o(i._printf_core) for _printf_core
    printf6.o(i.__0vprintf$6) refers to main.o(.text) for fputc
    printf6.o(i.__0vprintf$6) refers to stdout.o(.data) for __stdout
    printf6.o(i.__0vsnprintf$6) refers to printf6.o(i._printf_core) for _printf_core
    printf6.o(i.__0vsnprintf$6) refers to printf6.o(i._snputc) for _snputc
    printf6.o(i.__0vsprintf$6) refers to printf6.o(i._printf_core) for _printf_core
    printf6.o(i.__0vsprintf$6) refers to printf6.o(i._sputc) for _sputc
    printf6.o(i._printf_core) refers to printf6.o(i._printf_pre_padding) for _printf_pre_padding
    printf6.o(i._printf_core) refers to printf6.o(i._printf_post_padding) for _printf_post_padding
    printf6.o(i._printf_core) refers to uidiv.o(.text) for __aeabi_uidivmod
    printf7.o(i.__0fprintf$7) refers to printf7.o(i._printf_core) for _printf_core
    printf7.o(i.__0fprintf$7) refers to main.o(.text) for fputc
    printf7.o(i.__0printf$7) refers to printf7.o(i._printf_core) for _printf_core
    printf7.o(i.__0printf$7) refers to main.o(.text) for fputc
    printf7.o(i.__0printf$7) refers to stdout.o(.data) for __stdout
    printf7.o(i.__0snprintf$7) refers to printf7.o(i._printf_core) for _printf_core
    printf7.o(i.__0snprintf$7) refers to printf7.o(i._snputc) for _snputc
    printf7.o(i.__0sprintf$7) refers to printf7.o(i._printf_core) for _printf_core
    printf7.o(i.__0sprintf$7) refers to printf7.o(i._sputc) for _sputc
    printf7.o(i.__0vfprintf$7) refers to printf7.o(i._printf_core) for _printf_core
    printf7.o(i.__0vfprintf$7) refers to main.o(.text) for fputc
    printf7.o(i.__0vprintf$7) refers to printf7.o(i._printf_core) for _printf_core
    printf7.o(i.__0vprintf$7) refers to main.o(.text) for fputc
    printf7.o(i.__0vprintf$7) refers to stdout.o(.data) for __stdout
    printf7.o(i.__0vsnprintf$7) refers to printf7.o(i._printf_core) for _printf_core
    printf7.o(i.__0vsnprintf$7) refers to printf7.o(i._snputc) for _snputc
    printf7.o(i.__0vsprintf$7) refers to printf7.o(i._printf_core) for _printf_core
    printf7.o(i.__0vsprintf$7) refers to printf7.o(i._sputc) for _sputc
    printf7.o(i._printf_core) refers to printf7.o(i._printf_pre_padding) for _printf_pre_padding
    printf7.o(i._printf_core) refers to printf7.o(i._printf_post_padding) for _printf_post_padding
    printf7.o(i._printf_core) refers to uldiv.o(.text) for __aeabi_uldivmod
    printf8.o(i.__0fprintf$8) refers to printf8.o(i._printf_core) for _printf_core
    printf8.o(i.__0fprintf$8) refers to main.o(.text) for fputc
    printf8.o(i.__0printf$8) refers to printf8.o(i._printf_core) for _printf_core
    printf8.o(i.__0printf$8) refers to main.o(.text) for fputc
    printf8.o(i.__0printf$8) refers to stdout.o(.data) for __stdout
    printf8.o(i.__0snprintf$8) refers to printf8.o(i._printf_core) for _printf_core
    printf8.o(i.__0snprintf$8) refers to printf8.o(i._snputc) for _snputc
    printf8.o(i.__0sprintf$8) refers to printf8.o(i._printf_core) for _printf_core
    printf8.o(i.__0sprintf$8) refers to printf8.o(i._sputc) for _sputc
    printf8.o(i.__0vfprintf$8) refers to printf8.o(i._printf_core) for _printf_core
    printf8.o(i.__0vfprintf$8) refers to main.o(.text) for fputc
    printf8.o(i.__0vprintf$8) refers to printf8.o(i._printf_core) for _printf_core
    printf8.o(i.__0vprintf$8) refers to main.o(.text) for fputc
    printf8.o(i.__0vprintf$8) refers to stdout.o(.data) for __stdout
    printf8.o(i.__0vsnprintf$8) refers to printf8.o(i._printf_core) for _printf_core
    printf8.o(i.__0vsnprintf$8) refers to printf8.o(i._snputc) for _snputc
    printf8.o(i.__0vsprintf$8) refers to printf8.o(i._printf_core) for _printf_core
    printf8.o(i.__0vsprintf$8) refers to printf8.o(i._sputc) for _sputc
    printf8.o(i._printf_core) refers to printf8.o(i._printf_pre_padding) for _printf_pre_padding
    printf8.o(i._printf_core) refers to printf8.o(i._printf_post_padding) for _printf_post_padding
    printf8.o(i._printf_core) refers to uldiv.o(.text) for __aeabi_uldivmod
    printfa.o(i.__0fprintf) refers (Special) to iusefp.o(.text) for __I$use$fp
    printfa.o(i.__0fprintf) refers to printfa.o(i._printf_core) for _printf_core
    printfa.o(i.__0fprintf) refers to main.o(.text) for fputc
    printfa.o(i.__0printf) refers (Special) to iusefp.o(.text) for __I$use$fp
    printfa.o(i.__0printf) refers to printfa.o(i._printf_core) for _printf_core
    printfa.o(i.__0printf) refers to main.o(.text) for fputc
    printfa.o(i.__0printf) refers to stdout.o(.data) for __stdout
    printfa.o(i.__0snprintf) refers (Special) to iusefp.o(.text) for __I$use$fp
    printfa.o(i.__0snprintf) refers to printfa.o(i._printf_core) for _printf_core
    printfa.o(i.__0snprintf) refers to printfa.o(i._snputc) for _snputc
    printfa.o(i.__0sprintf) refers (Special) to iusefp.o(.text) for __I$use$fp
    printfa.o(i.__0sprintf) refers to printfa.o(i._printf_core) for _printf_core
    printfa.o(i.__0sprintf) refers to printfa.o(i._sputc) for _sputc
    printfa.o(i.__0vfprintf) refers (Special) to iusefp.o(.text) for __I$use$fp
    printfa.o(i.__0vfprintf) refers to printfa.o(i._printf_core) for _printf_core
    printfa.o(i.__0vfprintf) refers to main.o(.text) for fputc
    printfa.o(i.__0vprintf) refers (Special) to iusefp.o(.text) for __I$use$fp
    printfa.o(i.__0vprintf) refers to printfa.o(i._printf_core) for _printf_core
    printfa.o(i.__0vprintf) refers to main.o(.text) for fputc
    printfa.o(i.__0vprintf) refers to stdout.o(.data) for __stdout
    printfa.o(i.__0vsnprintf) refers (Special) to iusefp.o(.text) for __I$use$fp
    printfa.o(i.__0vsnprintf) refers to printfa.o(i._printf_core) for _printf_core
    printfa.o(i.__0vsnprintf) refers to printfa.o(i._snputc) for _snputc
    printfa.o(i.__0vsprintf) refers (Special) to iusefp.o(.text) for __I$use$fp
    printfa.o(i.__0vsprintf) refers to printfa.o(i._printf_core) for _printf_core
    printfa.o(i.__0vsprintf) refers to printfa.o(i._sputc) for _sputc
    printfa.o(i._fp_digits) refers (Special) to iusefp.o(.text) for __I$use$fp
    printfa.o(i._fp_digits) refers to dmul.o(.text) for __aeabi_dmul
    printfa.o(i._fp_digits) refers to ddiv.o(.text) for __aeabi_ddiv
    printfa.o(i._fp_digits) refers to cdrcmple.o(.text) for __aeabi_cdrcmple
    printfa.o(i._fp_digits) refers to dadd.o(.text) for __aeabi_dadd
    printfa.o(i._fp_digits) refers to dfixul.o(.text) for __aeabi_d2ulz
    printfa.o(i._fp_digits) refers to uldiv.o(.text) for __aeabi_uldivmod
    printfa.o(i._printf_core) refers (Special) to iusefp.o(.text) for __I$use$fp
    printfa.o(i._printf_core) refers to printfa.o(i._printf_pre_padding) for _printf_pre_padding
    printfa.o(i._printf_core) refers to uldiv.o(.text) for __aeabi_uldivmod
    printfa.o(i._printf_core) refers to printfa.o(i._printf_post_padding) for _printf_post_padding
    printfa.o(i._printf_core) refers to printfa.o(i._fp_digits) for _fp_digits
    printfa.o(i._printf_core) refers to uidiv.o(.text) for __aeabi_uidivmod
    printfa.o(i._printf_post_padding) refers (Special) to iusefp.o(.text) for __I$use$fp
    printfa.o(i._printf_pre_padding) refers (Special) to iusefp.o(.text) for __I$use$fp
    printfa.o(i._snputc) refers (Special) to iusefp.o(.text) for __I$use$fp
    printfa.o(i._sputc) refers (Special) to iusefp.o(.text) for __I$use$fp
    entry2.o(.ARM.Collect$$$$00000001) refers to entry2.o(.ARM.Collect$$$$00002712) for __lit__00000000
    entry2.o(.ARM.Collect$$$$00002712) refers to startup_swm260.o(STACK) for __initial_sp
    entry2.o(__vectab_stack_and_reset_area) refers to startup_swm260.o(STACK) for __initial_sp
    entry2.o(__vectab_stack_and_reset_area) refers to entry.o(.ARM.Collect$$$$00000000) for __main
    entry5.o(.ARM.Collect$$$$00000004) refers to init.o(.text) for __scatterload
    entry9a.o(.ARM.Collect$$$$0000000B) refers to main.o(.text) for main
    entry9b.o(.ARM.Collect$$$$0000000C) refers to main.o(.text) for main
    uldiv.o(.text) refers to llushr.o(.text) for __aeabi_llsr
    uldiv.o(.text) refers to llshl.o(.text) for __aeabi_llsl
    dadd.o(.text) refers to llshl.o(.text) for __aeabi_llsl
    dadd.o(.text) refers to llsshr.o(.text) for __aeabi_lasr
    dadd.o(.text) refers to depilogue.o(.text) for _double_epilogue
    dmul.o(.text) refers to depilogue.o(.text) for _double_epilogue
    ddiv.o(.text) refers to depilogue.o(.text) for _double_round
    dfixul.o(.text) refers to llushr.o(.text) for __aeabi_llsr
    dfixul.o(.text) refers to llshl.o(.text) for __aeabi_llsl
    init.o(.text) refers to entry5.o(.ARM.Collect$$$$00000004) for __main_after_scatterload
    depilogue.o(.text) refers to depilogue.o(i.__ARM_clz) for __ARM_clz
    depilogue.o(.text) refers to llshl.o(.text) for __aeabi_llsl
    depilogue.o(.text) refers to llushr.o(.text) for __aeabi_llsr


==============================================================================

Removing Unused input sections from the image.

    Removing main.o(.rev16_text), (4 bytes).
    Removing main.o(.revsh_text), (4 bytes).
    Removing swm260_adc.o(.rev16_text), (4 bytes).
    Removing swm260_adc.o(.revsh_text), (4 bytes).
    Removing swm260_exti.o(.rev16_text), (4 bytes).
    Removing swm260_exti.o(.revsh_text), (4 bytes).
    Removing swm260_exti.o(.text), (150 bytes).
    Removing swm260_gpio.o(.rev16_text), (4 bytes).
    Removing swm260_gpio.o(.revsh_text), (4 bytes).
    Removing swm260_gpio.o(.text), (712 bytes).
    Removing swm260_i2c.o(.rev16_text), (4 bytes).
    Removing swm260_i2c.o(.revsh_text), (4 bytes).
    Removing swm260_i2c.o(.text), (448 bytes).
    Removing swm260_pwm.o(.rev16_text), (4 bytes).
    Removing swm260_pwm.o(.revsh_text), (4 bytes).
    Removing swm260_pwm.o(.text), (2708 bytes).
    Removing swm260_pwm.o(.data), (32 bytes).
    Removing swm260_timr.o(.rev16_text), (4 bytes).
    Removing swm260_timr.o(.revsh_text), (4 bytes).
    Removing swm260_timr.o(.text), (1132 bytes).
    Removing swm260_uart.o(.rev16_text), (4 bytes).
    Removing swm260_uart.o(.revsh_text), (4 bytes).
    Removing swm260_wdt.o(.rev16_text), (4 bytes).
    Removing swm260_wdt.o(.revsh_text), (4 bytes).
    Removing swm260_wdt.o(.text), (144 bytes).
    Removing swm260_dma.o(.rev16_text), (4 bytes).
    Removing swm260_dma.o(.revsh_text), (4 bytes).
    Removing swm260_dma.o(.text), (272 bytes).
    Removing swm260_flash.o(.rev16_text), (4 bytes).
    Removing swm260_flash.o(.revsh_text), (4 bytes).
    Removing swm260_flash.o(.text), (144 bytes).
    Removing swm260_port.o(.rev16_text), (4 bytes).
    Removing swm260_port.o(.revsh_text), (4 bytes).
    Removing swm260_spi.o(.rev16_text), (4 bytes).
    Removing swm260_spi.o(.revsh_text), (4 bytes).
    Removing swm260_spi.o(.text), (572 bytes).
    Removing swm260_rtc.o(.rev16_text), (4 bytes).
    Removing swm260_rtc.o(.revsh_text), (4 bytes).
    Removing swm260_rtc.o(.text), (644 bytes).
    Removing swm260_rtc.o(.constdata), (52 bytes).
    Removing system_swm260.o(.rev16_text), (4 bytes).
    Removing system_swm260.o(.revsh_text), (4 bytes).
    Removing startup_swm260.o(HEAP), (0 bytes).
    Removing dadd.o(.text), (360 bytes).
    Removing dmul.o(.text), (208 bytes).
    Removing ddiv.o(.text), (240 bytes).
    Removing dfixul.o(.text), (64 bytes).
    Removing cdrcmple.o(.text), (40 bytes).
    Removing depilogue.o(.text), (190 bytes).
    Removing depilogue.o(i.__ARM_clz), (46 bytes).

50 unused section(s) (total 8278 bytes) removed from the image.

==============================================================================

Image Symbol Table

    Local Symbols

    Symbol Name                              Value     Ov Type        Size  Object(Section)

    RESET                                    0x00000000   Section      192  startup_swm260.o(RESET)
    ../clib/microlib/division.c              0x00000000   Number         0  uidiv.o ABSOLUTE
    ../clib/microlib/division.c              0x00000000   Number         0  uldiv.o ABSOLUTE
    ../clib/microlib/init/entry.s            0x00000000   Number         0  entry7a.o ABSOLUTE
    ../clib/microlib/init/entry.s            0x00000000   Number         0  entry5.o ABSOLUTE
    ../clib/microlib/init/entry.s            0x00000000   Number         0  entry7b.o ABSOLUTE
    ../clib/microlib/init/entry.s            0x00000000   Number         0  entry12b.o ABSOLUTE
    ../clib/microlib/init/entry.s            0x00000000   Number         0  entry12a.o ABSOLUTE
    ../clib/microlib/init/entry.s            0x00000000   Number         0  entry11b.o ABSOLUTE
    ../clib/microlib/init/entry.s            0x00000000   Number         0  entry.o ABSOLUTE
    ../clib/microlib/init/entry.s            0x00000000   Number         0  entry11a.o ABSOLUTE
    ../clib/microlib/init/entry.s            0x00000000   Number         0  entry10b.o ABSOLUTE
    ../clib/microlib/init/entry.s            0x00000000   Number         0  entry10a.o ABSOLUTE
    ../clib/microlib/init/entry.s            0x00000000   Number         0  entry9b.o ABSOLUTE
    ../clib/microlib/init/entry.s            0x00000000   Number         0  entry9a.o ABSOLUTE
    ../clib/microlib/init/entry.s            0x00000000   Number         0  entry2.o ABSOLUTE
    ../clib/microlib/init/entry.s            0x00000000   Number         0  entry8b.o ABSOLUTE
    ../clib/microlib/init/entry.s            0x00000000   Number         0  entry8a.o ABSOLUTE
    ../clib/microlib/longlong.c              0x00000000   Number         0  llshl.o ABSOLUTE
    ../clib/microlib/longlong.c              0x00000000   Number         0  llsshr.o ABSOLUTE
    ../clib/microlib/longlong.c              0x00000000   Number         0  llushr.o ABSOLUTE
    ../clib/microlib/printf/printf.c         0x00000000   Number         0  printf4.o ABSOLUTE
    ../clib/microlib/printf/printf.c         0x00000000   Number         0  printfa.o ABSOLUTE
    ../clib/microlib/printf/printf.c         0x00000000   Number         0  printf8.o ABSOLUTE
    ../clib/microlib/printf/printf.c         0x00000000   Number         0  printf7.o ABSOLUTE
    ../clib/microlib/printf/printf.c         0x00000000   Number         0  printf6.o ABSOLUTE
    ../clib/microlib/printf/printf.c         0x00000000   Number         0  printf5.o ABSOLUTE
    ../clib/microlib/printf/printf.c         0x00000000   Number         0  printfb.o ABSOLUTE
    ../clib/microlib/printf/printf.c         0x00000000   Number         0  printf0.o ABSOLUTE
    ../clib/microlib/printf/printf.c         0x00000000   Number         0  printf1.o ABSOLUTE
    ../clib/microlib/printf/printf.c         0x00000000   Number         0  printf3.o ABSOLUTE
    ../clib/microlib/printf/printf.c         0x00000000   Number         0  printf2.o ABSOLUTE
    ../clib/microlib/printf/stubs.s          0x00000000   Number         0  stubs.o ABSOLUTE
    ../clib/microlib/stdio/streams.c         0x00000000   Number         0  stdout.o ABSOLUTE
    ../clib/microlib/string/memcpy.c         0x00000000   Number         0  memcpya.o ABSOLUTE
    ../clib/microlib/string/memcpy.c         0x00000000   Number         0  memcpyb.o ABSOLUTE
    ../clib/microlib/stubs.s                 0x00000000   Number         0  iusefp.o ABSOLUTE
    ../fplib/microlib/fpadd.c                0x00000000   Number         0  dadd.o ABSOLUTE
    ../fplib/microlib/fpdiv.c                0x00000000   Number         0  ddiv.o ABSOLUTE
    ../fplib/microlib/fpepilogue.c           0x00000000   Number         0  depilogue.o ABSOLUTE
    ../fplib/microlib/fpfix.c                0x00000000   Number         0  dfixul.o ABSOLUTE
    ../fplib/microlib/fpmul.c                0x00000000   Number         0  dmul.o ABSOLUTE
    ..\..\SWM260_StdPeriph_Driver\CSL\CMSIS\DeviceSupport\startup\arm\startup_SWM260.s 0x00000000   Number         0  startup_swm260.o ABSOLUTE
    ..\..\SWM260_StdPeriph_Driver\CSL\CMSIS\DeviceSupport\system_SWM260.c 0x00000000   Number         0  system_swm260.o ABSOLUTE
    ..\..\SWM260_StdPeriph_Driver\CSL\SWM260_StdPeriph_Driver\SWM260_adc.c 0x00000000   Number         0  swm260_adc.o ABSOLUTE
    ..\..\SWM260_StdPeriph_Driver\CSL\SWM260_StdPeriph_Driver\SWM260_dma.c 0x00000000   Number         0  swm260_dma.o ABSOLUTE
    ..\..\SWM260_StdPeriph_Driver\CSL\SWM260_StdPeriph_Driver\SWM260_exti.c 0x00000000   Number         0  swm260_exti.o ABSOLUTE
    ..\..\SWM260_StdPeriph_Driver\CSL\SWM260_StdPeriph_Driver\SWM260_flash.c 0x00000000   Number         0  swm260_flash.o ABSOLUTE
    ..\..\SWM260_StdPeriph_Driver\CSL\SWM260_StdPeriph_Driver\SWM260_gpio.c 0x00000000   Number         0  swm260_gpio.o ABSOLUTE
    ..\..\SWM260_StdPeriph_Driver\CSL\SWM260_StdPeriph_Driver\SWM260_i2c.c 0x00000000   Number         0  swm260_i2c.o ABSOLUTE
    ..\..\SWM260_StdPeriph_Driver\CSL\SWM260_StdPeriph_Driver\SWM260_port.c 0x00000000   Number         0  swm260_port.o ABSOLUTE
    ..\..\SWM260_StdPeriph_Driver\CSL\SWM260_StdPeriph_Driver\SWM260_pwm.c 0x00000000   Number         0  swm260_pwm.o ABSOLUTE
    ..\..\SWM260_StdPeriph_Driver\CSL\SWM260_StdPeriph_Driver\SWM260_rtc.c 0x00000000   Number         0  swm260_rtc.o ABSOLUTE
    ..\..\SWM260_StdPeriph_Driver\CSL\SWM260_StdPeriph_Driver\SWM260_spi.c 0x00000000   Number         0  swm260_spi.o ABSOLUTE
    ..\..\SWM260_StdPeriph_Driver\CSL\SWM260_StdPeriph_Driver\SWM260_timr.c 0x00000000   Number         0  swm260_timr.o ABSOLUTE
    ..\..\SWM260_StdPeriph_Driver\CSL\SWM260_StdPeriph_Driver\SWM260_uart.c 0x00000000   Number         0  swm260_uart.o ABSOLUTE
    ..\..\SWM260_StdPeriph_Driver\CSL\SWM260_StdPeriph_Driver\SWM260_wdt.c 0x00000000   Number         0  swm260_wdt.o ABSOLUTE
    ..\\..\\SWM260_StdPeriph_Driver\\CSL\\CMSIS\\DeviceSupport\\system_SWM260.c 0x00000000   Number         0  system_swm260.o ABSOLUTE
    ..\\..\\SWM260_StdPeriph_Driver\\CSL\\SWM260_StdPeriph_Driver\\SWM260_adc.c 0x00000000   Number         0  swm260_adc.o ABSOLUTE
    ..\\..\\SWM260_StdPeriph_Driver\\CSL\\SWM260_StdPeriph_Driver\\SWM260_dma.c 0x00000000   Number         0  swm260_dma.o ABSOLUTE
    ..\\..\\SWM260_StdPeriph_Driver\\CSL\\SWM260_StdPeriph_Driver\\SWM260_exti.c 0x00000000   Number         0  swm260_exti.o ABSOLUTE
    ..\\..\\SWM260_StdPeriph_Driver\\CSL\\SWM260_StdPeriph_Driver\\SWM260_flash.c 0x00000000   Number         0  swm260_flash.o ABSOLUTE
    ..\\..\\SWM260_StdPeriph_Driver\\CSL\\SWM260_StdPeriph_Driver\\SWM260_gpio.c 0x00000000   Number         0  swm260_gpio.o ABSOLUTE
    ..\\..\\SWM260_StdPeriph_Driver\\CSL\\SWM260_StdPeriph_Driver\\SWM260_i2c.c 0x00000000   Number         0  swm260_i2c.o ABSOLUTE
    ..\\..\\SWM260_StdPeriph_Driver\\CSL\\SWM260_StdPeriph_Driver\\SWM260_port.c 0x00000000   Number         0  swm260_port.o ABSOLUTE
    ..\\..\\SWM260_StdPeriph_Driver\\CSL\\SWM260_StdPeriph_Driver\\SWM260_pwm.c 0x00000000   Number         0  swm260_pwm.o ABSOLUTE
    ..\\..\\SWM260_StdPeriph_Driver\\CSL\\SWM260_StdPeriph_Driver\\SWM260_rtc.c 0x00000000   Number         0  swm260_rtc.o ABSOLUTE
    ..\\..\\SWM260_StdPeriph_Driver\\CSL\\SWM260_StdPeriph_Driver\\SWM260_spi.c 0x00000000   Number         0  swm260_spi.o ABSOLUTE
    ..\\..\\SWM260_StdPeriph_Driver\\CSL\\SWM260_StdPeriph_Driver\\SWM260_timr.c 0x00000000   Number         0  swm260_timr.o ABSOLUTE
    ..\\..\\SWM260_StdPeriph_Driver\\CSL\\SWM260_StdPeriph_Driver\\SWM260_uart.c 0x00000000   Number         0  swm260_uart.o ABSOLUTE
    ..\\..\\SWM260_StdPeriph_Driver\\CSL\\SWM260_StdPeriph_Driver\\SWM260_wdt.c 0x00000000   Number         0  swm260_wdt.o ABSOLUTE
    app\\main.c                              0x00000000   Number         0  main.o ABSOLUTE
    app\main.c                               0x00000000   Number         0  main.o ABSOLUTE
    cdrcmple.s                               0x00000000   Number         0  cdrcmple.o ABSOLUTE
    dc.s                                     0x00000000   Number         0  dc.o ABSOLUTE
    handlers.s                               0x00000000   Number         0  handlers.o ABSOLUTE
    init.s                                   0x00000000   Number         0  init.o ABSOLUTE
    .ARM.Collect$$$$00000000                 0x000000c0   Section        0  entry.o(.ARM.Collect$$$$00000000)
    .ARM.Collect$$$$00000001                 0x000000c0   Section        4  entry2.o(.ARM.Collect$$$$00000001)
    .ARM.Collect$$$$00000004                 0x000000c4   Section        4  entry5.o(.ARM.Collect$$$$00000004)
    .ARM.Collect$$$$00000008                 0x000000c8   Section        0  entry7b.o(.ARM.Collect$$$$00000008)
    .ARM.Collect$$$$0000000A                 0x000000c8   Section        0  entry8b.o(.ARM.Collect$$$$0000000A)
    .ARM.Collect$$$$0000000B                 0x000000c8   Section        8  entry9a.o(.ARM.Collect$$$$0000000B)
    .ARM.Collect$$$$0000000E                 0x000000d0   Section        4  entry12b.o(.ARM.Collect$$$$0000000E)
    .ARM.Collect$$$$0000000F                 0x000000d4   Section        0  entry10a.o(.ARM.Collect$$$$0000000F)
    .ARM.Collect$$$$00000011                 0x000000d4   Section        0  entry11a.o(.ARM.Collect$$$$00000011)
    .ARM.Collect$$$$00002712                 0x000000d4   Section        4  entry2.o(.ARM.Collect$$$$00002712)
    __lit__00000000                          0x000000d4   Data           4  entry2.o(.ARM.Collect$$$$00002712)
    .text                                    0x000000d8   Section        0  main.o(.text)
    .text                                    0x00000230   Section        0  swm260_adc.o(.text)
    chn2idx                                  0x00000395   Thumb Code    66  swm260_adc.o(.text)
    .text                                    0x00000504   Section        0  swm260_uart.o(.text)
    NVIC_EnableIRQ                           0x0000093d   Thumb Code    14  swm260_uart.o(.text)
    NVIC_DisableIRQ                          0x0000094b   Thumb Code    16  swm260_uart.o(.text)
    .text                                    0x00000960   Section        0  swm260_port.o(.text)
    .text                                    0x00000a78   Section        0  system_swm260.o(.text)
    .text                                    0x00000d38   Section       84  startup_swm260.o(.text)
    .text                                    0x00000d8c   Section        0  uidiv.o(.text)
    .text                                    0x00000db8   Section       36  init.o(.text)
    i.__0printf$6                            0x00000ddc   Section        0  printf6.o(i.__0printf$6)
    i.__ARM_common_switch8                   0x00000dfc   Section        0  system_swm260.o(i.__ARM_common_switch8)
    i.__scatterload_copy                     0x00000e16   Section       14  handlers.o(i.__scatterload_copy)
    i.__scatterload_null                     0x00000e24   Section        2  handlers.o(i.__scatterload_null)
    i.__scatterload_zeroinit                 0x00000e26   Section       14  handlers.o(i.__scatterload_zeroinit)
    i._printf_core                           0x00000e34   Section        0  printf6.o(i._printf_core)
    _printf_core                             0x00000e35   Thumb Code   768  printf6.o(i._printf_core)
    i._printf_post_padding                   0x00001138   Section        0  printf6.o(i._printf_post_padding)
    _printf_post_padding                     0x00001139   Thumb Code    32  printf6.o(i._printf_post_padding)
    i._printf_pre_padding                    0x00001158   Section        0  printf6.o(i._printf_pre_padding)
    _printf_pre_padding                      0x00001159   Thumb Code    44  printf6.o(i._printf_pre_padding)
    .data                                    0x20000000   Section        8  system_swm260.o(.data)
    .data                                    0x20000008   Section        4  stdout.o(.data)
    STACK                                    0x20000010   Section     1024  startup_swm260.o(STACK)

    Global Symbols

    Symbol Name                              Value     Ov Type        Size  Object(Section)

    BuildAttributes$$THM_ISAv3M$S$PE$A:L22$X:L11$S22$IEEE1$IW$USESV6$~STKCKD$USESV7$~SHL$OSPACE$ROPI$EBA8$MICROLIB$REQ8$PRES8$EABIv2 0x00000000   Number         0  anon$$obj.o ABSOLUTE
    __ARM_use_no_argv                        0x00000000   Number         0  main.o ABSOLUTE
    __Vectors                                0x00000000   Data           4  startup_swm260.o(RESET)
    _printf_a                                0x00000000   Number         0  stubs.o ABSOLUTE
    _printf_c                                0x00000000   Number         0  stubs.o ABSOLUTE
    _printf_charcount                        0x00000000   Number         0  stubs.o ABSOLUTE
    _printf_d                                0x00000000   Number         0  stubs.o ABSOLUTE
    _printf_e                                0x00000000   Number         0  stubs.o ABSOLUTE
    _printf_f                                0x00000000   Number         0  stubs.o ABSOLUTE
    _printf_flags                            0x00000000   Number         0  stubs.o ABSOLUTE
    _printf_fp_dec                           0x00000000   Number         0  stubs.o ABSOLUTE
    _printf_fp_hex                           0x00000000   Number         0  stubs.o ABSOLUTE
    _printf_g                                0x00000000   Number         0  stubs.o ABSOLUTE
    _printf_i                                0x00000000   Number         0  stubs.o ABSOLUTE
    _printf_int_dec                          0x00000000   Number         0  stubs.o ABSOLUTE
    _printf_l                                0x00000000   Number         0  stubs.o ABSOLUTE
    _printf_lc                               0x00000000   Number         0  stubs.o ABSOLUTE
    _printf_ll                               0x00000000   Number         0  stubs.o ABSOLUTE
    _printf_lld                              0x00000000   Number         0  stubs.o ABSOLUTE
    _printf_lli                              0x00000000   Number         0  stubs.o ABSOLUTE
    _printf_llo                              0x00000000   Number         0  stubs.o ABSOLUTE
    _printf_llu                              0x00000000   Number         0  stubs.o ABSOLUTE
    _printf_llx                              0x00000000   Number         0  stubs.o ABSOLUTE
    _printf_longlong_dec                     0x00000000   Number         0  stubs.o ABSOLUTE
    _printf_longlong_hex                     0x00000000   Number         0  stubs.o ABSOLUTE
    _printf_longlong_oct                     0x00000000   Number         0  stubs.o ABSOLUTE
    _printf_ls                               0x00000000   Number         0  stubs.o ABSOLUTE
    _printf_mbtowc                           0x00000000   Number         0  stubs.o ABSOLUTE
    _printf_n                                0x00000000   Number         0  stubs.o ABSOLUTE
    _printf_o                                0x00000000   Number         0  stubs.o ABSOLUTE
    _printf_p                                0x00000000   Number         0  stubs.o ABSOLUTE
    _printf_percent                          0x00000000   Number         0  stubs.o ABSOLUTE
    _printf_pre_padding                      0x00000000   Number         0  stubs.o ABSOLUTE
    _printf_return_value                     0x00000000   Number         0  stubs.o ABSOLUTE
    _printf_s                                0x00000000   Number         0  stubs.o ABSOLUTE
    _printf_sizespec                         0x00000000   Number         0  stubs.o ABSOLUTE
    _printf_str                              0x00000000   Number         0  stubs.o ABSOLUTE
    _printf_truncate_signed                  0x00000000   Number         0  stubs.o ABSOLUTE
    _printf_truncate_unsigned                0x00000000   Number         0  stubs.o ABSOLUTE
    _printf_u                                0x00000000   Number         0  stubs.o ABSOLUTE
    _printf_wc                               0x00000000   Number         0  stubs.o ABSOLUTE
    _printf_wctomb                           0x00000000   Number         0  stubs.o ABSOLUTE
    _printf_widthprec                        0x00000000   Number         0  stubs.o ABSOLUTE
    _printf_x                                0x00000000   Number         0  stubs.o ABSOLUTE
    __arm_fini_                               - Undefined Weak Reference
    __cpp_initialize__aeabi_                  - Undefined Weak Reference
    __cxa_finalize                            - Undefined Weak Reference
    __decompress                              - Undefined Weak Reference
    _clock_init                               - Undefined Weak Reference
    _microlib_exit                            - Undefined Weak Reference
    __Vectors_End                            0x000000c0   Data           0  startup_swm260.o(RESET)
    __Vectors_Size                           0x000000c0   Number         0  startup_swm260.o ABSOLUTE
    __main                                   0x000000c1   Thumb Code     0  entry.o(.ARM.Collect$$$$00000000)
    _main_stk                                0x000000c1   Thumb Code     0  entry2.o(.ARM.Collect$$$$00000001)
    _main_scatterload                        0x000000c5   Thumb Code     0  entry5.o(.ARM.Collect$$$$00000004)
    __main_after_scatterload                 0x000000c9   Thumb Code     0  entry5.o(.ARM.Collect$$$$00000004)
    _main_clock                              0x000000c9   Thumb Code     0  entry7b.o(.ARM.Collect$$$$00000008)
    _main_cpp_init                           0x000000c9   Thumb Code     0  entry8b.o(.ARM.Collect$$$$0000000A)
    _main_init                               0x000000c9   Thumb Code     0  entry9a.o(.ARM.Collect$$$$0000000B)
    __rt_lib_shutdown_fini                   0x000000d1   Thumb Code     0  entry12b.o(.ARM.Collect$$$$0000000E)
    __rt_final_cpp                           0x000000d5   Thumb Code     0  entry10a.o(.ARM.Collect$$$$0000000F)
    __rt_final_exit                          0x000000d5   Thumb Code     0  entry11a.o(.ARM.Collect$$$$00000011)
    SerialInit                               0x000000d9   Thumb Code    64  main.o(.text)
    main                                     0x00000119   Thumb Code   156  main.o(.text)
    ADC0_Handler                             0x000001b5   Thumb Code    68  main.o(.text)
    fputc                                    0x000001f9   Thumb Code    28  main.o(.text)
    ADC_Close                                0x00000231   Thumb Code    12  swm260_adc.o(.text)
    ADC_Init                                 0x0000023d   Thumb Code   312  swm260_adc.o(.text)
    ADC_Open                                 0x00000375   Thumb Code    12  swm260_adc.o(.text)
    ADC_Start                                0x00000381   Thumb Code    10  swm260_adc.o(.text)
    ADC_Stop                                 0x0000038b   Thumb Code    10  swm260_adc.o(.text)
    ADC_Read                                 0x000003d7   Thumb Code    26  swm260_adc.o(.text)
    ADC_IsEOC                                0x000003f1   Thumb Code    22  swm260_adc.o(.text)
    ADC_ChnSelect                            0x00000407   Thumb Code    16  swm260_adc.o(.text)
    ADC_IntEOCEn                             0x00000417   Thumb Code    24  swm260_adc.o(.text)
    ADC_IntEOCDis                            0x0000042f   Thumb Code    24  swm260_adc.o(.text)
    ADC_IntEOCClr                            0x00000447   Thumb Code    20  swm260_adc.o(.text)
    ADC_IntEOCStat                           0x0000045b   Thumb Code    30  swm260_adc.o(.text)
    ADC_IntOVFEn                             0x00000479   Thumb Code    26  swm260_adc.o(.text)
    ADC_IntOVFDis                            0x00000493   Thumb Code    26  swm260_adc.o(.text)
    ADC_IntOVFClr                            0x000004ad   Thumb Code    22  swm260_adc.o(.text)
    ADC_IntOVFStat                           0x000004c3   Thumb Code    32  swm260_adc.o(.text)
    UART_Close                               0x00000505   Thumb Code    12  swm260_uart.o(.text)
    UART_Init                                0x00000511   Thumb Code   474  swm260_uart.o(.text)
    UART_Open                                0x000006eb   Thumb Code    12  swm260_uart.o(.text)
    UART_WriteByte                           0x000006f7   Thumb Code     4  swm260_uart.o(.text)
    UART_ReadByte                            0x000006fb   Thumb Code    20  swm260_uart.o(.text)
    UART_IsTXBusy                            0x0000070f   Thumb Code    32  swm260_uart.o(.text)
    UART_IsRXFIFOEmpty                       0x0000072f   Thumb Code    10  swm260_uart.o(.text)
    UART_IsTXFIFOFull                        0x00000739   Thumb Code     8  swm260_uart.o(.text)
    UART_SetBaudrate                         0x00000741   Thumb Code    74  swm260_uart.o(.text)
    UART_GetBaudrate                         0x0000078b   Thumb Code    64  swm260_uart.o(.text)
    UART_CTSConfig                           0x000007cb   Thumb Code    22  swm260_uart.o(.text)
    UART_CTSLineState                        0x000007e1   Thumb Code     8  swm260_uart.o(.text)
    UART_RTSConfig                           0x000007e9   Thumb Code    28  swm260_uart.o(.text)
    UART_RTSLineState                        0x00000805   Thumb Code     8  swm260_uart.o(.text)
    UART_LINConfig                           0x0000080d   Thumb Code    22  swm260_uart.o(.text)
    UART_LINGenerate                         0x00000823   Thumb Code    10  swm260_uart.o(.text)
    UART_LINIsDetected                       0x0000082d   Thumb Code     8  swm260_uart.o(.text)
    UART_LINIsGenerated                      0x00000835   Thumb Code     8  swm260_uart.o(.text)
    UART_ABRStart                            0x0000083d   Thumb Code    90  swm260_uart.o(.text)
    UART_ABRIsDone                           0x00000897   Thumb Code    24  swm260_uart.o(.text)
    UART_INTRXThresholdEn                    0x000008af   Thumb Code    10  swm260_uart.o(.text)
    UART_INTRXThresholdDis                   0x000008b9   Thumb Code    10  swm260_uart.o(.text)
    UART_INTRXThresholdStat                  0x000008c3   Thumb Code     8  swm260_uart.o(.text)
    UART_INTTXThresholdEn                    0x000008cb   Thumb Code    10  swm260_uart.o(.text)
    UART_INTTXThresholdDis                   0x000008d5   Thumb Code    10  swm260_uart.o(.text)
    UART_INTTXThresholdStat                  0x000008df   Thumb Code     8  swm260_uart.o(.text)
    UART_INTTimeoutEn                        0x000008e7   Thumb Code    38  swm260_uart.o(.text)
    UART_INTTimeoutDis                       0x0000090d   Thumb Code    12  swm260_uart.o(.text)
    UART_INTTimeoutStat                      0x00000919   Thumb Code     8  swm260_uart.o(.text)
    UART_INTTXDoneEn                         0x00000921   Thumb Code    10  swm260_uart.o(.text)
    UART_INTTXDoneDis                        0x0000092b   Thumb Code    10  swm260_uart.o(.text)
    UART_INTTXDoneStat                       0x00000935   Thumb Code     8  swm260_uart.o(.text)
    PORT_Init                                0x00000961   Thumb Code   272  swm260_port.o(.text)
    SystemCoreClockUpdate                    0x00000a79   Thumb Code   162  system_swm260.o(.text)
    switchTo24MHz                            0x00000b1b   Thumb Code    16  system_swm260.o(.text)
    switchToXTAL_32K                         0x00000b2b   Thumb Code    72  system_swm260.o(.text)
    switchTo32KHz                            0x00000b73   Thumb Code    48  system_swm260.o(.text)
    PLLInit                                  0x00000ba3   Thumb Code    56  system_swm260.o(.text)
    switchToPLL                              0x00000bdb   Thumb Code    64  system_swm260.o(.text)
    switchToXTAL                             0x00000c1b   Thumb Code   108  system_swm260.o(.text)
    switchTo48MHz                            0x00000c87   Thumb Code    18  system_swm260.o(.text)
    switchTo6MHz                             0x00000c99   Thumb Code    46  system_swm260.o(.text)
    switchTo3MHz                             0x00000cc7   Thumb Code    46  system_swm260.o(.text)
    SystemInit                               0x00000cf5   Thumb Code    24  system_swm260.o(.text)
    Reset_Handler                            0x00000d39   Thumb Code     4  startup_swm260.o(.text)
    NMI_Handler                              0x00000d3d   Thumb Code     2  startup_swm260.o(.text)
    HardFault_Handler                        0x00000d3f   Thumb Code     2  startup_swm260.o(.text)
    SVC_Handler                              0x00000d41   Thumb Code     2  startup_swm260.o(.text)
    PendSV_Handler                           0x00000d43   Thumb Code     2  startup_swm260.o(.text)
    SysTick_Handler                          0x00000d45   Thumb Code     2  startup_swm260.o(.text)
    UART0_Handler                            0x00000d47   Thumb Code     2  startup_swm260.o(.text)
    TIMR0_Handler                            0x00000d49   Thumb Code     2  startup_swm260.o(.text)
    SPI0_Handler                             0x00000d4b   Thumb Code     2  startup_swm260.o(.text)
    UART1_Handler                            0x00000d4d   Thumb Code     2  startup_swm260.o(.text)
    UART2_Handler                            0x00000d4f   Thumb Code     2  startup_swm260.o(.text)
    TIMR1_Handler                            0x00000d51   Thumb Code     2  startup_swm260.o(.text)
    DMA_Handler                              0x00000d53   Thumb Code     2  startup_swm260.o(.text)
    PWM0_Handler                             0x00000d55   Thumb Code     2  startup_swm260.o(.text)
    BTIMR0_Handler                           0x00000d57   Thumb Code     2  startup_swm260.o(.text)
    TIMR2_Handler                            0x00000d59   Thumb Code     2  startup_swm260.o(.text)
    TIMR3_Handler                            0x00000d5b   Thumb Code     2  startup_swm260.o(.text)
    WDT_Handler                              0x00000d5d   Thumb Code     2  startup_swm260.o(.text)
    I2C4_Handler                             0x00000d5f   Thumb Code     2  startup_swm260.o(.text)
    UART3_Handler                            0x00000d61   Thumb Code     2  startup_swm260.o(.text)
    BTIMR1_Handler                           0x00000d65   Thumb Code     2  startup_swm260.o(.text)
    GPIOA9_GPIOC6_Handler                    0x00000d67   Thumb Code     2  startup_swm260.o(.text)
    GPIOA6_GPIOC7_Handler                    0x00000d69   Thumb Code     2  startup_swm260.o(.text)
    GPIOA7_GPIOC8_Handler                    0x00000d6b   Thumb Code     2  startup_swm260.o(.text)
    GPIOA8_GPIOC9_Handler                    0x00000d6d   Thumb Code     2  startup_swm260.o(.text)
    GPIOA10_GPIOC10_Handler                  0x00000d6f   Thumb Code     2  startup_swm260.o(.text)
    GPIOA13_GPIOC12_Handler                  0x00000d71   Thumb Code     2  startup_swm260.o(.text)
    GPIOA12_GPIOC13_Handler                  0x00000d73   Thumb Code     2  startup_swm260.o(.text)
    GPIOA11_GPIOC14_Handler                  0x00000d75   Thumb Code     2  startup_swm260.o(.text)
    XTALSTOPDET_GPIOC0_Handler               0x00000d77   Thumb Code     2  startup_swm260.o(.text)
    BTIMR2_GPIOB12_Handler                   0x00000d79   Thumb Code     2  startup_swm260.o(.text)
    PWM1_GPIOA1_Handler                      0x00000d7b   Thumb Code     2  startup_swm260.o(.text)
    PWM2_UART4_Handler                       0x00000d7d   Thumb Code     2  startup_swm260.o(.text)
    BOD_PWMHALT_Handler                      0x00000d7f   Thumb Code     2  startup_swm260.o(.text)
    PWM3_GPIOB_ACMP_Handler                  0x00000d81   Thumb Code     2  startup_swm260.o(.text)
    SPI1_HALL_GPIOD_Handler                  0x00000d83   Thumb Code     2  startup_swm260.o(.text)
    BTIMR3_RTC_Handler                       0x00000d85   Thumb Code     2  startup_swm260.o(.text)
    __aeabi_uidiv                            0x00000d8d   Thumb Code     0  uidiv.o(.text)
    __aeabi_uidivmod                         0x00000d8d   Thumb Code    44  uidiv.o(.text)
    __scatterload                            0x00000db9   Thumb Code    28  init.o(.text)
    __scatterload_rt2                        0x00000db9   Thumb Code     0  init.o(.text)
    __0printf$6                              0x00000ddd   Thumb Code    24  printf6.o(i.__0printf$6)
    __1printf$6                              0x00000ddd   Thumb Code     0  printf6.o(i.__0printf$6)
    __2printf                                0x00000ddd   Thumb Code     0  printf6.o(i.__0printf$6)
    __ARM_common_switch8                     0x00000dfd   Thumb Code    26  system_swm260.o(i.__ARM_common_switch8)
    __scatterload_copy                       0x00000e17   Thumb Code    14  handlers.o(i.__scatterload_copy)
    __scatterload_null                       0x00000e25   Thumb Code     2  handlers.o(i.__scatterload_null)
    __scatterload_zeroinit                   0x00000e27   Thumb Code    14  handlers.o(i.__scatterload_zeroinit)
    Region$$Table$$Base                      0x00001184   Number         0  anon$$obj.o(Region$$Table)
    Region$$Table$$Limit                     0x000011a4   Number         0  anon$$obj.o(Region$$Table)
    SystemCoreClock                          0x20000000   Data           4  system_swm260.o(.data)
    CyclesPerUs                              0x20000004   Data           4  system_swm260.o(.data)
    __stdout                                 0x20000008   Data           4  stdout.o(.data)
    __initial_sp                             0x20000410   Data           0  startup_swm260.o(STACK)



==============================================================================

Memory Map of the image

  Image Entry point : 0x000000c1

  Load Region LR_IROM1 (Base: 0x00000000, Size: 0x000011b0, Max: 0x00020000, ABSOLUTE)

    Execution Region ER_IROM1 (Exec base: 0x00000000, Load base: 0x00000000, Size: 0x000011a4, Max: 0x00020000, ABSOLUTE)

    Exec Addr    Load Addr    Size         Type   Attr      Idx    E Section Name        Object

    0x00000000   0x00000000   0x000000c0   Data   RO          389    RESET               startup_swm260.o
    0x000000c0   0x000000c0   0x00000000   Code   RO          394  * .ARM.Collect$$$$00000000  mc_p.l(entry.o)
    0x000000c0   0x000000c0   0x00000004   Code   RO          664    .ARM.Collect$$$$00000001  mc_p.l(entry2.o)
    0x000000c4   0x000000c4   0x00000004   Code   RO          667    .ARM.Collect$$$$00000004  mc_p.l(entry5.o)
    0x000000c8   0x000000c8   0x00000000   Code   RO          669    .ARM.Collect$$$$00000008  mc_p.l(entry7b.o)
    0x000000c8   0x000000c8   0x00000000   Code   RO          671    .ARM.Collect$$$$0000000A  mc_p.l(entry8b.o)
    0x000000c8   0x000000c8   0x00000008   Code   RO          672    .ARM.Collect$$$$0000000B  mc_p.l(entry9a.o)
    0x000000d0   0x000000d0   0x00000004   Code   RO          679    .ARM.Collect$$$$0000000E  mc_p.l(entry12b.o)
    0x000000d4   0x000000d4   0x00000000   Code   RO          674    .ARM.Collect$$$$0000000F  mc_p.l(entry10a.o)
    0x000000d4   0x000000d4   0x00000000   Code   RO          676    .ARM.Collect$$$$00000011  mc_p.l(entry11a.o)
    0x000000d4   0x000000d4   0x00000004   Code   RO          665    .ARM.Collect$$$$00002712  mc_p.l(entry2.o)
    0x000000d8   0x000000d8   0x00000158   Code   RO            3    .text               main.o
    0x00000230   0x00000230   0x000002d4   Code   RO           91    .text               swm260_adc.o
    0x00000504   0x00000504   0x0000045c   Code   RO          220    .text               swm260_uart.o
    0x00000960   0x00000960   0x00000118   Code   RO          300    .text               swm260_port.o
    0x00000a78   0x00000a78   0x000002c0   Code   RO          361    .text               system_swm260.o
    0x00000d38   0x00000d38   0x00000054   Code   RO          390    .text               startup_swm260.o
    0x00000d8c   0x00000d8c   0x0000002c   Code   RO          397    .text               mc_p.l(uidiv.o)
    0x00000db8   0x00000db8   0x00000024   Code   RO          694    .text               mc_p.l(init.o)
    0x00000ddc   0x00000ddc   0x00000020   Code   RO          558    i.__0printf$6       mc_p.l(printf6.o)
    0x00000dfc   0x00000dfc   0x0000001a   Code   RO          379    i.__ARM_common_switch8  system_swm260.o
    0x00000e16   0x00000e16   0x0000000e   Code   RO          708    i.__scatterload_copy  mc_p.l(handlers.o)
    0x00000e24   0x00000e24   0x00000002   Code   RO          709    i.__scatterload_null  mc_p.l(handlers.o)
    0x00000e26   0x00000e26   0x0000000e   Code   RO          710    i.__scatterload_zeroinit  mc_p.l(handlers.o)
    0x00000e34   0x00000e34   0x00000304   Code   RO          565    i._printf_core      mc_p.l(printf6.o)
    0x00001138   0x00001138   0x00000020   Code   RO          566    i._printf_post_padding  mc_p.l(printf6.o)
    0x00001158   0x00001158   0x0000002c   Code   RO          567    i._printf_pre_padding  mc_p.l(printf6.o)
    0x00001184   0x00001184   0x00000020   Data   RO          706    Region$$Table       anon$$obj.o


    Execution Region RW_IRAM1 (Exec base: 0x20000000, Load base: 0x000011a4, Size: 0x00000410, Max: 0x00002000, ABSOLUTE)

    Exec Addr    Load Addr    Size         Type   Attr      Idx    E Section Name        Object

    0x20000000   0x000011a4   0x00000008   Data   RW          362    .data               system_swm260.o
    0x20000008   0x000011ac   0x00000004   Data   RW          680    .data               mc_p.l(stdout.o)
    0x2000000c   0x000011b0   0x00000004   PAD
    0x20000010        -       0x00000400   Zero   RW          387    STACK               startup_swm260.o


==============================================================================

Image component sizes


      Code (inc. data)   RO Data    RW Data    ZI Data      Debug   Object Name

       344         28          0          0          0      61233   main.o
        84          6        192          0       1024       2084   startup_swm260.o
       724         34          0          0          0      10766   swm260_adc.o
         0          0          0          0          0       5740   swm260_i2c.o
       280          8          0          0          0        996   swm260_port.o
      1116         32          0          0          0       7686   swm260_uart.o
       730         52          0          8          0       2735   system_swm260.o

    ----------------------------------------------------------------------
      3278        160        224          8       1024      91240   Object Totals
         0          0         32          0          0          0   (incl. Generated)
         0          0          0          0          0          0   (incl. Padding)

    ----------------------------------------------------------------------

      Code (inc. data)   RO Data    RW Data    ZI Data      Debug   Library Member Name

         0          0          0          0          0          0   entry.o
         0          0          0          0          0          0   entry10a.o
         0          0          0          0          0          0   entry11a.o
         4          0          0          0          0          0   entry12b.o
         8          4          0          0          0          0   entry2.o
         4          0          0          0          0          0   entry5.o
         0          0          0          0          0          0   entry7b.o
         0          0          0          0          0          0   entry8b.o
         8          4          0          0          0          0   entry9a.o
        30          0          0          0          0          0   handlers.o
        36          8          0          0          0         68   init.o
       880         12          0          0          0        324   printf6.o
         0          0          0          4          0          0   stdout.o
        44          0          0          0          0         72   uidiv.o

    ----------------------------------------------------------------------
      1014         28          0          4          4        464   Library Totals
         0          0          0          0          4          0   (incl. Padding)

    ----------------------------------------------------------------------

      Code (inc. data)   RO Data    RW Data    ZI Data      Debug   Library Name

      1014         28          0          4          0        464   mc_p.l

    ----------------------------------------------------------------------
      1014         28          0          4          4        464   Library Totals

    ----------------------------------------------------------------------

==============================================================================


      Code (inc. data)   RO Data    RW Data    ZI Data      Debug   

      4292        188        224         12       1028      91328   Grand Totals
      4292        188        224         12       1028      91328   ELF Image Totals
      4292        188        224         12          0          0   ROM Totals

==============================================================================

    Total RO  Size (Code + RO Data)                 4516 (   4.41kB)
    Total RW  Size (RW Data + ZI Data)              1040 (   1.02kB)
    Total ROM Size (Code + RO Data + RW Data)       4528 (   4.42kB)

==============================================================================

